Archive member included to satisfy reference by file (symbol)

C:/MaximSDK/Libraries/PeriphDrivers/bin/MAX78000/softfp/libPeriphDriver_softfp.a(mxc_delay.o)
                              c:/Users/Morever/Desktop/cats-dogs/build/combine.o (MXC_Delay)
C:/MaximSDK/Libraries/PeriphDrivers/bin/MAX78000/softfp/libPeriphDriver_softfp.a(nvic_table.o)
                              c:/Users/Morever/Desktop/cats-dogs/build/cnn.o (MXC_NVIC_SetVector)
C:/MaximSDK/Libraries/PeriphDrivers/bin/MAX78000/softfp/libPeriphDriver_softfp.a(pins_ai85.o)
                              c:/Users/Morever/Desktop/cats-dogs/build/camera.o (gpio_cfg_pcif_xclk)
C:/MaximSDK/Libraries/PeriphDrivers/bin/MAX78000/softfp/libPeriphDriver_softfp.a(sys_ai85.o)
                              c:/Users/Morever/Desktop/cats-dogs/build/cnn.o (MXC_SYS_ClockDisable)
C:/MaximSDK/Libraries/PeriphDrivers/bin/MAX78000/softfp/libPeriphDriver_softfp.a(aes_me17.o)
                              C:/MaximSDK/Libraries/PeriphDrivers/bin/MAX78000/softfp/libPeriphDriver_softfp.a(sys_ai85.o) (MXC_AES_Init)
C:/MaximSDK/Libraries/PeriphDrivers/bin/MAX78000/softfp/libPeriphDriver_softfp.a(aes_revb.o)
                              C:/MaximSDK/Libraries/PeriphDrivers/bin/MAX78000/softfp/libPeriphDriver_softfp.a(aes_me17.o) (MXC_AES_RevB_Init)
C:/MaximSDK/Libraries/PeriphDrivers/bin/MAX78000/softfp/libPeriphDriver_softfp.a(cameraif_ai85.o)
                              c:/Users/Morever/Desktop/cats-dogs/build/camera.o (MXC_PCIF_Init)
C:/MaximSDK/Libraries/PeriphDrivers/bin/MAX78000/softfp/libPeriphDriver_softfp.a(cameraif_reva.o)
                              C:/MaximSDK/Libraries/PeriphDrivers/bin/MAX78000/softfp/libPeriphDriver_softfp.a(cameraif_ai85.o) (MXC_PCIF_RevA_SetDatawidth)
C:/MaximSDK/Libraries/PeriphDrivers/bin/MAX78000/softfp/libPeriphDriver_softfp.a(dma_me17.o)
                              c:/Users/Morever/Desktop/cats-dogs/build/combine.o (MXC_DMA_Init)
C:/MaximSDK/Libraries/PeriphDrivers/bin/MAX78000/softfp/libPeriphDriver_softfp.a(dma_reva.o)
                              C:/MaximSDK/Libraries/PeriphDrivers/bin/MAX78000/softfp/libPeriphDriver_softfp.a(dma_me17.o) (MXC_DMA_RevA_Init)
C:/MaximSDK/Libraries/PeriphDrivers/bin/MAX78000/softfp/libPeriphDriver_softfp.a(flc_me17.o)
                              C:/MaximSDK/Libraries/PeriphDrivers/bin/MAX78000/softfp/libPeriphDriver_softfp.a(sys_ai85.o) (MXC_FLC_UnlockInfoBlock)
C:/MaximSDK/Libraries/PeriphDrivers/bin/MAX78000/softfp/libPeriphDriver_softfp.a(flc_reva.o)
                              C:/MaximSDK/Libraries/PeriphDrivers/bin/MAX78000/softfp/libPeriphDriver_softfp.a(flc_me17.o) (MXC_FLC_RevA_Busy)
C:/MaximSDK/Libraries/PeriphDrivers/bin/MAX78000/softfp/libPeriphDriver_softfp.a(gpio_ai85.o)
                              c:/Users/Morever/Desktop/cats-dogs/build/cnn.o (MXC_GPIO_Config)
C:/MaximSDK/Libraries/PeriphDrivers/bin/MAX78000/softfp/libPeriphDriver_softfp.a(gpio_reva.o)
                              C:/MaximSDK/Libraries/PeriphDrivers/bin/MAX78000/softfp/libPeriphDriver_softfp.a(gpio_ai85.o) (MXC_GPIO_RevA_InGet)
C:/MaximSDK/Libraries/PeriphDrivers/bin/MAX78000/softfp/libPeriphDriver_softfp.a(i2c_me17.o)
                              c:/Users/Morever/Desktop/cats-dogs/build/max20303.o (MXC_I2C_Init)
C:/MaximSDK/Libraries/PeriphDrivers/bin/MAX78000/softfp/libPeriphDriver_softfp.a(i2c_reva.o)
                              C:/MaximSDK/Libraries/PeriphDrivers/bin/MAX78000/softfp/libPeriphDriver_softfp.a(i2c_me17.o) (MXC_I2C_RevA_DMACallback)
C:/MaximSDK/Libraries/PeriphDrivers/bin/MAX78000/softfp/libPeriphDriver_softfp.a(icc_me17.o)
                              c:/Users/Morever/Desktop/cats-dogs/build/main.o (MXC_ICC_Enable)
C:/MaximSDK/Libraries/PeriphDrivers/bin/MAX78000/softfp/libPeriphDriver_softfp.a(icc_reva.o)
                              C:/MaximSDK/Libraries/PeriphDrivers/bin/MAX78000/softfp/libPeriphDriver_softfp.a(icc_me17.o) (MXC_ICC_RevA_ID)
C:/MaximSDK/Libraries/PeriphDrivers/bin/MAX78000/softfp/libPeriphDriver_softfp.a(lp_ai85.o)
                              c:/Users/Morever/Desktop/cats-dogs/build/main.o (MXC_LP_EnterSleepMode)
C:/MaximSDK/Libraries/PeriphDrivers/bin/MAX78000/softfp/libPeriphDriver_softfp.a(pt_ai85.o)
                              c:/Users/Morever/Desktop/cats-dogs/build/camera.o (MXC_PT_Init)
C:/MaximSDK/Libraries/PeriphDrivers/bin/MAX78000/softfp/libPeriphDriver_softfp.a(pt_reva.o)
                              C:/MaximSDK/Libraries/PeriphDrivers/bin/MAX78000/softfp/libPeriphDriver_softfp.a(pt_ai85.o) (MXC_PT_RevA_Init)
C:/MaximSDK/Libraries/PeriphDrivers/bin/MAX78000/softfp/libPeriphDriver_softfp.a(spi_me17.o)
                              c:/Users/Morever/Desktop/cats-dogs/build/tft_ili9341.o (MXC_SPI_Init)
C:/MaximSDK/Libraries/PeriphDrivers/bin/MAX78000/softfp/libPeriphDriver_softfp.a(spi_reva1.o)
                              C:/MaximSDK/Libraries/PeriphDrivers/bin/MAX78000/softfp/libPeriphDriver_softfp.a(spi_me17.o) (MXC_SPI_RevA1_Init)
[...]
Memory Configuration

Name             Origin             Length             Attributes
ROM              0x00000000         0x00010000         xr
FLASH            0x10000000         0x00080000         xr
SRAM             0x20000000         0x00020000         xrw
*default*        0x00000000         0xffffffff

Linker script and memory map

LOAD c:/maximsdk/tools/gnutools/10.3/bin/../lib/gcc/arm-none-eabi/10.3.1/thumb/v7e-m+fp/softfp/crti.o
LOAD c:/maximsdk/tools/gnutools/10.3/bin/../lib/gcc/arm-none-eabi/10.3.1/thumb/v7e-m+fp/softfp/crtbegin.o
LOAD c:/maximsdk/tools/gnutools/10.3/bin/../lib/gcc/arm-none-eabi/10.3.1/../../../../arm-none-eabi/lib/thumb/v7e-m+fp/softfp/crt0.o
LOAD c:/Users/Morever/Desktop/cats-dogs/build/cnn.o
LOAD c:/Users/Morever/Desktop/cats-dogs/build/combine.o
LOAD c:/Users/Morever/Desktop/cats-dogs/build/main.o
LOAD c:/Users/Morever/Desktop/cats-dogs/build/softmax.o
LOAD c:/Users/Morever/Desktop/cats-dogs/build/board.o
LOAD c:/Users/Morever/Desktop/cats-dogs/build/stdio.o
LOAD c:/Users/Morever/Desktop/cats-dogs/build/led.o
LOAD c:/Users/Morever/Desktop/cats-dogs/build/pb.o
LOAD c:/Users/Morever/Desktop/cats-dogs/build/tft_ili9341.o
LOAD c:/Users/Morever/Desktop/cats-dogs/build/camera.o
LOAD c:/Users/Morever/Desktop/cats-dogs/build/ov7692.o
LOAD c:/Users/Morever/Desktop/cats-dogs/build/sccb.o
LOAD c:/Users/Morever/Desktop/cats-dogs/build/max20303.o
LOAD c:/Users/Morever/Desktop/cats-dogs/build/max9867.o
LOAD c:/Users/Morever/Desktop/cats-dogs/build/startup_max78000.o
LOAD c:/Users/Morever/Desktop/cats-dogs/build/heap.o
LOAD c:/Users/Morever/Desktop/cats-dogs/build/system_max78000.o
START GROUP
LOAD C:/MaximSDK/Libraries/PeriphDrivers/bin/MAX78000/softfp/libPeriphDriver_softfp.a
LOAD c:/maximsdk/tools/gnutools/10.3/bin/../lib/gcc/arm-none-eabi/10.3.1/../../../../arm-none-eabi/lib/thumb/v7e-m+fp/softfp\libc.a
LOAD c:/maximsdk/tools/gnutools/10.3/bin/../lib/gcc/arm-none-eabi/10.3.1/../../../../arm-none-eabi/lib/thumb/v7e-m+fp/softfp\libm.a
LOAD c:/maximsdk/tools/gnutools/10.3/bin/../lib/gcc/arm-none-eabi/10.3.1/../../../../arm-none-eabi/lib/thumb/v7e-m+fp/softfp\libnosys.a
END GROUP
START GROUP
LOAD c:/maximsdk/tools/gnutools/10.3/bin/../lib/gcc/arm-none-eabi/10.3.1/thumb/v7e-m+fp/softfp\libgcc.a
LOAD c:/maximsdk/tools/gnutools/10.3/bin/../lib/gcc/arm-none-eabi/10.3.1/../../../../arm-none-eabi/lib/thumb/v7e-m+fp/softfp\libc.a
END GROUP
LOAD c:/maximsdk/tools/gnutools/10.3/bin/../lib/gcc/arm-none-eabi/10.3.1/thumb/v7e-m+fp/softfp/crtend.o
LOAD c:/maximsdk/tools/gnutools/10.3/bin/../lib/gcc/arm-none-eabi/10.3.1/thumb/v7e-m+fp/softfp/crtn.o

.rom
 *(.rom_vector)
 *(.rom_handlers*)

.text           0x10000000    0x1eaa4
                0x10000000                _text = .
 *(.isr_vector)
 .isr_vector    0x10000000      0x1e0 c:/Users/Morever/Desktop/cats-dogs/build/startup_max78000.o
                0x10000000                __isr_vector
 EXCLUDE_FILE(*riscv.o) *(.text*)
 .text          0x100001e0       0x40 c:/maximsdk/tools/gnutools/10.3/bin/../lib/gcc/arm-none-eabi/10.3.1/thumb/v7e-m+fp/softfp/crtbegin.o
 .text.CNN_ISR  0x10000220       0x50 c:/Users/Morever/Desktop/cats-dogs/build/cnn.o
                0x10000220                CNN_ISR
 .text.cnn_load_weights
                0x10000270       0x4c c:/Users/Morever/Desktop/cats-dogs/build/cnn.o
                0x10000270                cnn_load_weights
 .text.cnn_load_bias
                0x100002bc       0x14 c:/Users/Morever/Desktop/cats-dogs/build/cnn.o
                0x100002bc                cnn_load_bias
 .text.cnn_init
                0x100002d0       0x54 c:/Users/Morever/Desktop/cats-dogs/build/cnn.o
                0x100002d0                cnn_init
 .text.cnn_configure
                0x10000324      0x7d0 c:/Users/Morever/Desktop/cats-dogs/build/cnn.o
                0x10000324                cnn_configure
 .text.cnn_start
                0x10000af4       0x50 c:/Users/Morever/Desktop/cats-dogs/build/cnn.o
                0x10000af4                cnn_start
 .text.cnn_unload
                0x10000b44       0x18 c:/Users/Morever/Desktop/cats-dogs/build/cnn.o
                0x10000b44                cnn_unload
 .text.cnn_enable
                0x10000b5c       0x3c c:/Users/Morever/Desktop/cats-dogs/build/cnn.o
                0x10000b5c                cnn_enable
 .text.TFT_Print
                0x10000b98       0x24 c:/Users/Morever/Desktop/cats-dogs/build/combine.o
                0x10000b98                TFT_Print
 .text.setup_dma_tft
                0x10000bbc       0x90 c:/Users/Morever/Desktop/cats-dogs/build/combine.o
                0x10000bbc                setup_dma_tft
 .text.start_tft_dma
                0x10000c4c       0x60 c:/Users/Morever/Desktop/cats-dogs/build/combine.o
                0x10000c4c                start_tft_dma
 .text.capture_process_camera
                0x10000cac       0xf4 c:/Users/Morever/Desktop/cats-dogs/build/combine.o
                0x10000cac                capture_process_camera
 .text.TFT_init
                0x10000da0       0x44 c:/Users/Morever/Desktop/cats-dogs/build/combine.o
                0x10000da0                TFT_init
 .text.Camera_DMA_init
                0x10000de4      0x138 c:/Users/Morever/Desktop/cats-dogs/build/combine.o
                0x10000de4                Camera_DMA_init
 .text.myInit   0x10000f1c       0x10 c:/Users/Morever/Desktop/cats-dogs/build/combine.o
                0x10000f1c                myInit
 .text.startup.main
                0x10000f2c      0x210 c:/Users/Morever/Desktop/cats-dogs/build/main.o
                0x10000f2c                main
 .text.softmax_q17p14_q15
                0x1000113c       0xa8 c:/Users/Morever/Desktop/cats-dogs/build/softmax.o
                0x1000113c                softmax_q17p14_q15
 .text.mxc_assert
                0x100011e4       0x10 c:/Users/Morever/Desktop/cats-dogs/build/board.o
                0x100011e4                mxc_assert
 .text.GPIO0_IRQHandler
                0x100011f4        0x8 c:/Users/Morever/Desktop/cats-dogs/build/board.o
                0x100011f4                GPIO0_IRQHandler
 .text.GPIO1_IRQHandler
                0x100011fc        0x8 c:/Users/Morever/Desktop/cats-dogs/build/board.o
                0x100011fc                GPIO1_IRQHandler
 .text.Board_Init
                0x10001204       0x6c c:/Users/Morever/Desktop/cats-dogs/build/board.o
                0x10001204                Board_Init
 .text.NMI_Handler
                0x10001270        0x4 c:/Users/Morever/Desktop/cats-dogs/build/board.o
                0x10001270                NMI_Handler
 .text.Camera_Power
                0x10001274       0x1c c:/Users/Morever/Desktop/cats-dogs/build/board.o
                0x10001274                Camera_Power
 .text._close   0x10001290        0x8 c:/Users/Morever/Desktop/cats-dogs/build/stdio.o
                0x10001290                _close
 .text._isatty  0x10001298        0x8 c:/Users/Morever/Desktop/cats-dogs/build/stdio.o
                0x10001298                _isatty
 .text._lseek   0x100012a0        0x8 c:/Users/Morever/Desktop/cats-dogs/build/stdio.o
                0x100012a0                _lseek
 .text._fstat   0x100012a8        0x8 c:/Users/Morever/Desktop/cats-dogs/build/stdio.o
                0x100012a8                _fstat
 .text._read    0x100012b0       0x50 c:/Users/Morever/Desktop/cats-dogs/build/stdio.o
                0x100012b0                _read
 .text._write   0x10001300       0x54 c:/Users/Morever/Desktop/cats-dogs/build/stdio.o
                0x10001300                _write
 .text.LED_Init
                0x10001354       0x40 c:/Users/Morever/Desktop/cats-dogs/build/led.o
                0x10001354                LED_Init
 .text.LED_On   0x10001394       0x40 c:/Users/Morever/Desktop/cats-dogs/build/led.o
                0x10001394                LED_On
 .text.LED_Off  0x100013d4       0x40 c:/Users/Morever/Desktop/cats-dogs/build/led.o
                0x100013d4                LED_Off
 .text.PB_Init  0x10001414       0x38 c:/Users/Morever/Desktop/cats-dogs/build/pb.o
                0x10001414                PB_Init
 .text.PB_Get   0x1000144c       0x44 c:/Users/Morever/Desktop/cats-dogs/build/pb.o
                0x1000144c                PB_Get
 .text.spi_transmit.constprop.0
                0x10001490       0x88 c:/Users/Morever/Desktop/cats-dogs/build/tft_ili9341.o
 .text.window   0x10001518      0x128 c:/Users/Morever/Desktop/cats-dogs/build/tft_ili9341.o
 .text.fillrect
                0x10001640       0xa8 c:/Users/Morever/Desktop/cats-dogs/build/tft_ili9341.o
 .text.tft_character.part.0
                0x100016e8      0x1d8 c:/Users/Morever/Desktop/cats-dogs/build/tft_ili9341.o
 .text.MXC_TFT_SetRotation
                0x100018c0       0xac c:/Users/Morever/Desktop/cats-dogs/build/tft_ili9341.o
                0x100018c0                MXC_TFT_SetRotation
 .text.MXC_TFT_SetBackGroundColor
                0x1000196c       0x40 c:/Users/Morever/Desktop/cats-dogs/build/tft_ili9341.o
                0x1000196c                MXC_TFT_SetBackGroundColor
 .text.MXC_TFT_Init
                0x100019ac      0x9d4 c:/Users/Morever/Desktop/cats-dogs/build/tft_ili9341.o
                0x100019ac                MXC_TFT_Init
 .text.MXC_TFT_SetForeGroundColor
                0x10002380        0xc c:/Users/Morever/Desktop/cats-dogs/build/tft_ili9341.o
                0x10002380                MXC_TFT_SetForeGroundColor
 .text.MXC_TFT_ClearScreen
                0x1000238c        0xc c:/Users/Morever/Desktop/cats-dogs/build/tft_ili9341.o
                0x1000238c                MXC_TFT_ClearScreen
 .text.MXC_TFT_PrintFont
                0x10002398       0x98 c:/Users/Morever/Desktop/cats-dogs/build/tft_ili9341.o
                0x10002398                MXC_TFT_PrintFont
 .text.MXC_TFT_Stream
                0x10002430       0x4c c:/Users/Morever/Desktop/cats-dogs/build/tft_ili9341.o
                0x10002430                MXC_TFT_Stream
 .text.camera_irq_handler
                0x1000247c      0x13c c:/Users/Morever/Desktop/cats-dogs/build/camera.o
                0x1000247c                camera_irq_handler
 .text.stream_callback
                0x100025b8       0xbc c:/Users/Morever/Desktop/cats-dogs/build/camera.o
 .text.setup_dma
                0x10002674       0x94 c:/Users/Morever/Desktop/cats-dogs/build/camera.o
 .text.stream_irq_handler
                0x10002708        0x4 c:/Users/Morever/Desktop/cats-dogs/build/camera.o
                0x10002708                stream_irq_handler
 .text.camera_init
                0x1000270c      0x12c c:/Users/Morever/Desktop/cats-dogs/build/camera.o
                0x1000270c                camera_init
 .text.camera_setup
                0x10002838      0x1d8 c:/Users/Morever/Desktop/cats-dogs/build/camera.o
                0x10002838                camera_setup
 .text.camera_write_reg
                0x10002a10        0xc c:/Users/Morever/Desktop/cats-dogs/build/camera.o
                0x10002a10                camera_write_reg
 .text.camera_start_capture_image
                0x10002a1c       0x3c c:/Users/Morever/Desktop/cats-dogs/build/camera.o
                0x10002a1c                camera_start_capture_image
 .text.camera_is_image_rcv
                0x10002a58       0x10 c:/Users/Morever/Desktop/cats-dogs/build/camera.o
                0x10002a58                camera_is_image_rcv
 .text.camera_get_image
                0x10002a68       0x3c c:/Users/Morever/Desktop/cats-dogs/build/camera.o
                0x10002a68                camera_get_image
 .text.get_camera_stream_buffer
                0x10002aa4        0xc c:/Users/Morever/Desktop/cats-dogs/build/camera.o
                0x10002aa4                get_camera_stream_buffer
 .text.release_camera_stream_buffer
                0x10002ab0        0xc c:/Users/Morever/Desktop/cats-dogs/build/camera.o
                0x10002ab0                release_camera_stream_buffer
 .text.get_camera_stream_statistic
                0x10002abc        0x8 c:/Users/Morever/Desktop/cats-dogs/build/camera.o
                0x10002abc                get_camera_stream_statistic
 .text.init     0x10002ac4       0x10 c:/Users/Morever/Desktop/cats-dogs/build/ov7692.o
 .text.get_slave_address
                0x10002ad4        0xc c:/Users/Morever/Desktop/cats-dogs/build/ov7692.o
 .text.get_pixformat
                0x10002ae0       0x10 c:/Users/Morever/Desktop/cats-dogs/build/ov7692.o
 .text.set_saturation
                0x10002af0        0x4 c:/Users/Morever/Desktop/cats-dogs/build/ov7692.o
 .text.get_luminance
                0x10002af4       0x60 c:/Users/Morever/Desktop/cats-dogs/build/ov7692.o
 .text.read_reg
                0x10002b54       0x20 c:/Users/Morever/Desktop/cats-dogs/build/ov7692.o
 .text.get_manufacture_id
                0x10002b74       0x3c c:/Users/Morever/Desktop/cats-dogs/build/ov7692.o
 .text.get_product_id
                0x10002bb0       0x3c c:/Users/Morever/Desktop/cats-dogs/build/ov7692.o
 .text.set_negateimage
                0x10002bec       0x90 c:/Users/Morever/Desktop/cats-dogs/build/ov7692.o
 .text.set_vflip
                0x10002c7c       0x3c c:/Users/Morever/Desktop/cats-dogs/build/ov7692.o
 .text.set_hmirror
                0x10002cb8       0x3c c:/Users/Morever/Desktop/cats-dogs/build/ov7692.o
 .text.set_colorbar
                0x10002cf4       0x3c c:/Users/Morever/Desktop/cats-dogs/build/ov7692.o
 .text.set_gainceiling
                0x10002d30       0xa0 c:/Users/Morever/Desktop/cats-dogs/build/ov7692.o
 .text.set_brightness
                0x10002dd0       0xa8 c:/Users/Morever/Desktop/cats-dogs/build/ov7692.o
 .text.set_contrast
                0x10002e78       0xa0 c:/Users/Morever/Desktop/cats-dogs/build/ov7692.o
 .text.set_windowing
                0x10002f18      0x120 c:/Users/Morever/Desktop/cats-dogs/build/ov7692.o
 .text.set_framesize
                0x10003038       0xcc c:/Users/Morever/Desktop/cats-dogs/build/ov7692.o
 .text.set_pixformat
                0x10003104       0x54 c:/Users/Morever/Desktop/cats-dogs/build/ov7692.o
 .text.write_reg
                0x10003158       0x18 c:/Users/Morever/Desktop/cats-dogs/build/ov7692.o
 .text.sleep    0x10003170       0x3c c:/Users/Morever/Desktop/cats-dogs/build/ov7692.o
 .text.reset    0x100031ac       0x64 c:/Users/Morever/Desktop/cats-dogs/build/ov7692.o
 .text.dump_registers
                0x10003210       0xa8 c:/Users/Morever/Desktop/cats-dogs/build/ov7692.o
 .text.sensor_register
                0x100032b8       0xbc c:/Users/Morever/Desktop/cats-dogs/build/ov7692.o
                0x100032b8                sensor_register
 .text.send_byte
                0x10003374       0x68 c:/Users/Morever/Desktop/cats-dogs/build/sccb.o
 .text.get_byte
                0x100033dc       0x50 c:/Users/Morever/Desktop/cats-dogs/build/sccb.o
 .text.sccb_init
                0x1000342c       0x30 c:/Users/Morever/Desktop/cats-dogs/build/sccb.o
                0x1000342c                sccb_init
 .text.sccb_read_byt
                0x1000345c      0x11c c:/Users/Morever/Desktop/cats-dogs/build/sccb.o
                0x1000345c                sccb_read_byt
 .text.sccb_write_byt
                0x10003578       0xa4 c:/Users/Morever/Desktop/cats-dogs/build/sccb.o
                0x10003578                sccb_write_byt
 .text.reg_read
                0x1000361c       0x78 c:/Users/Morever/Desktop/cats-dogs/build/max20303.o
 .text.reg_write
                0x10003694       0x60 c:/Users/Morever/Desktop/cats-dogs/build/max20303.o
 .text.reg_write_buf.constprop.0
                0x100036f4       0x70 c:/Users/Morever/Desktop/cats-dogs/build/max20303.o
 .text.max20303_camera_power
                0x10003764       0x68 c:/Users/Morever/Desktop/cats-dogs/build/max20303.o
                0x10003764                max20303_camera_power
 .text.max20303_init
                0x100037cc       0x68 c:/Users/Morever/Desktop/cats-dogs/build/max20303.o
                0x100037cc                max20303_init
 .text          0x10003834      0x148 c:/Users/Morever/Desktop/cats-dogs/build/startup_max78000.o
                0x10003834                Reset_Handler
                0x10003872                HardFault_Handler
                0x10003874                MemManage_Handler
                0x10003876                BusFault_Handler
                0x10003878                UsageFault_Handler
                0x1000387a                SVC_Handler
                0x1000387c                DebugMon_Handler
                0x1000387e                PendSV_Handler
                0x10003880                SysTick_Handler
                0x10003882                Default_Handler
                0x10003884                PF_IRQHandler
                0x10003886                WDT0_IRQHandler
                0x10003888                RSV02_IRQHandler
                0x1000388a                RTC_IRQHandler
                0x1000388c                TRNG_IRQHandler
                0x1000388e                TMR0_IRQHandler
                0x10003890                TMR1_IRQHandler
                0x10003892                TMR2_IRQHandler
                0x10003894                TMR3_IRQHandler
                0x10003896                TMR4_IRQHandler
                0x10003898                TMR5_IRQHandler
                0x1000389a                RSV11_IRQHandler
                0x1000389c                RSV12_IRQHandler
                0x1000389e                I2C0_IRQHandler
                0x100038a0                UART0_IRQHandler
                0x100038a2                UART1_IRQHandler
                0x100038a4                SPI1_IRQHandler
                0x100038a6                RSV17_IRQHandler
                0x100038a8                RSV18_IRQHandler
                0x100038aa                RSV19_IRQHandler
                0x100038ac                ADC_IRQHandler
                0x100038ae                RSV21_IRQHandler
                0x100038b0                RSV22_IRQHandler
                0x100038b2                FLC0_IRQHandler
                0x100038b8                GPIO2_IRQHandler
                0x100038ba                RSV27_IRQHandler
                0x100038bc                DMA0_IRQHandler
                0x100038be                DMA1_IRQHandler
                0x100038c0                DMA2_IRQHandler
                0x100038c2                DMA3_IRQHandler
                0x100038c4                RSV32_IRQHandler
                0x100038c6                RSV33_IRQHandler
                0x100038c8                UART2_IRQHandler
                0x100038ca                RSV35_IRQHandler
                0x100038cc                I2C1_IRQHandler
                0x100038ce                RSV37_IRQHandler
                0x100038d0                RSV38_IRQHandler
                0x100038d2                RSV39_IRQHandler
                0x100038d4                RSV40_IRQHandler
                0x100038d6                RSV41_IRQHandler
                0x100038d8                RSV42_IRQHandler
                0x100038da                RSV43_IRQHandler
                0x100038dc                RSV44_IRQHandler
                0x100038de                RSV45_IRQHandler
                0x100038e0                RSV46_IRQHandler
                0x100038e2                RSV47_IRQHandler
                0x100038e4                RSV48_IRQHandler
                0x100038e6                RSV49_IRQHandler
                0x100038e8                RSV50_IRQHandler
                0x100038ea                RSV51_IRQHandler
                0x100038ec                RSV52_IRQHandler
                0x100038ee                WUT_IRQHandler
                0x100038f0                GPIOWAKE_IRQHandler
                0x100038f2                RSV55_IRQHandler
                0x100038f4                SPI0_IRQHandler
                0x100038f6                WDT1_IRQHandler
                0x100038f8                RSV58_IRQHandler
                0x100038fa                PT_IRQHandler
                0x100038fc                RSV60_IRQHandler
                0x100038fe                RSV61_IRQHandler
                0x10003900                I2C2_IRQHandler
                0x10003902                RISCV_IRQHandler
                0x10003904                RSV64_IRQHandler
                0x10003906                RSV65_IRQHandler
                0x10003908                RSV66_IRQHandler
                0x1000390a                OWM_IRQHandler
                0x1000390c                RSV68_IRQHandler
                0x1000390e                RSV69_IRQHandler
                0x10003910                RSV70_IRQHandler
                0x10003912                RSV71_IRQHandler
                0x10003914                RSV72_IRQHandler
                0x10003916                RSV73_IRQHandler
                0x10003918                RSV74_IRQHandler
                0x1000391a                RSV75_IRQHandler
                0x1000391c                RSV76_IRQHandler
                0x1000391e                RSV77_IRQHandler
                0x10003920                RSV78_IRQHandler
                0x10003922                RSV79_IRQHandler
                0x10003924                RSV80_IRQHandler
                0x10003926                RSV81_IRQHandler
                0x10003928                ECC_IRQHandler
                0x1000392a                DVS_IRQHandler
                0x1000392c                SIMO_IRQHandler
                0x1000392e                RSV85_IRQHandler
                0x10003930                RSV86_IRQHandler
                0x10003932                RSV87_IRQHandler
                0x10003934                UART3_IRQHandler
                0x10003936                RSV89_IRQHandler
                0x10003938                RSV90_IRQHandler
                0x1000393a                PCIF_IRQHandler
                0x1000393c                RSV92_IRQHandler
                0x1000393e                RSV93_IRQHandler
                0x10003940                RSV94_IRQHandler
                0x10003942                RSV95_IRQHandler
                0x10003944                RSV96_IRQHandler
                0x10003946                AES_IRQHandler
                0x10003948                RSV98_IRQHandler
                0x1000394a                I2S_IRQHandler
                0x1000394c                CNN_FIFO_IRQHandler
                0x1000394e                CNN_IRQHandler
                0x10003950                RSV102_IRQHandler
                0x10003952                LPCMP_IRQHandler
 .text._sbrk    0x1000397c       0x3c c:/Users/Morever/Desktop/cats-dogs/build/heap.o
                0x1000397c                _sbrk
 .text._getpid  0x100039b8        0x8 c:/Users/Morever/Desktop/cats-dogs/build/system_max78000.o
                0x100039b8                _getpid
 .text._kill    0x100039c0        0x8 c:/Users/Morever/Desktop/cats-dogs/build/system_max78000.o
                0x100039c0                _kill
 .text.SystemCoreClockUpdate
                0x100039c8       0x68 c:/Users/Morever/Desktop/cats-dogs/build/system_max78000.o
                0x100039c8                SystemCoreClockUpdate
 .text.PreInit  0x10003a30        0x4 c:/Users/Morever/Desktop/cats-dogs/build/system_max78000.o
                0x10003a30                PreInit
 .text.SystemInit
                0x10003a34       0x38 c:/Users/Morever/Desktop/cats-dogs/build/system_max78000.o
                0x10003a34                SystemInit
 .text.MXC_DelayInit
                0x10003a6c       0x7c C:/MaximSDK/Libraries/PeriphDrivers/bin/MAX78000/softfp/libPeriphDriver_softfp.a(mxc_delay.o)
 .text.MXC_DelayAsync
                0x10003ae8       0x3c C:/MaximSDK/Libraries/PeriphDrivers/bin/MAX78000/softfp/libPeriphDriver_softfp.a(mxc_delay.o)
                0x10003ae8                MXC_DelayAsync
 .text.MXC_DelayCheck
                0x10003b24       0x70 C:/MaximSDK/Libraries/PeriphDrivers/bin/MAX78000/softfp/libPeriphDriver_softfp.a(mxc_delay.o)
                0x10003b24                MXC_DelayCheck
 .text.MXC_DelayAbort
                0x10003b94       0x34 C:/MaximSDK/Libraries/PeriphDrivers/bin/MAX78000/softfp/libPeriphDriver_softfp.a(mxc_delay.o)
                0x10003b94                MXC_DelayAbort
 .text.MXC_Delay
                0x10003bc8       0x74 C:/MaximSDK/Libraries/PeriphDrivers/bin/MAX78000/softfp/libPeriphDriver_softfp.a(mxc_delay.o)
                0x10003bc8                MXC_Delay
 .text.MXC_NVIC_SetVector
                0x10003c3c       0x50 C:/MaximSDK/Libraries/PeriphDrivers/bin/MAX78000/softfp/libPeriphDriver_softfp.a(nvic_table.o)
                0x10003c3c                MXC_NVIC_SetVector
 .text.MXC_SYS_IsClockEnabled
                0x10003c8c       0x44 C:/MaximSDK/Libraries/PeriphDrivers/bin/MAX78000/softfp/libPeriphDriver_softfp.a(sys_ai85.o)
                0x10003c8c                MXC_SYS_IsClockEnabled
 .text.MXC_SYS_ClockDisable
                0x10003cd0       0x44 C:/MaximSDK/Libraries/PeriphDrivers/bin/MAX78000/softfp/libPeriphDriver_softfp.a(sys_ai85.o)
                0x10003cd0                MXC_SYS_ClockDisable
 .text.MXC_SYS_ClockEnable
                0x10003d14       0x4c C:/MaximSDK/Libraries/PeriphDrivers/bin/MAX78000/softfp/libPeriphDriver_softfp.a(sys_ai85.o)
                0x10003d14                MXC_SYS_ClockEnable
 .text.MXC_SYS_ClockSourceEnable
                0x10003d60       0xf4 C:/MaximSDK/Libraries/PeriphDrivers/bin/MAX78000/softfp/libPeriphDriver_softfp.a(sys_ai85.o)
                0x10003d60                MXC_SYS_ClockSourceEnable
 .text.MXC_SYS_Clock_Select
                0x10003e54      0x194 C:/MaximSDK/Libraries/PeriphDrivers/bin/MAX78000/softfp/libPeriphDriver_softfp.a(sys_ai85.o)
                0x10003e54                MXC_SYS_Clock_Select
 .text.MXC_SYS_Reset_Periph
                0x10003fe8       0x50 C:/MaximSDK/Libraries/PeriphDrivers/bin/MAX78000/softfp/libPeriphDriver_softfp.a(sys_ai85.o)
                0x10003fe8                MXC_SYS_Reset_Periph
 .text.MXC_PCIF_Init
                0x10004038       0x6c C:/MaximSDK/Libraries/PeriphDrivers/bin/MAX78000/softfp/libPeriphDriver_softfp.a(cameraif_ai85.o)
                0x10004038                MXC_PCIF_Init
 .text.MXC_PCIF_SetDataWidth
                0x100040a4        0xc C:/MaximSDK/Libraries/PeriphDrivers/bin/MAX78000/softfp/libPeriphDriver_softfp.a(cameraif_ai85.o)
                0x100040a4                MXC_PCIF_SetDataWidth
 .text.MXC_PCIF_SetTimingSel
                0x100040b0        0xc C:/MaximSDK/Libraries/PeriphDrivers/bin/MAX78000/softfp/libPeriphDriver_softfp.a(cameraif_ai85.o)
                0x100040b0                MXC_PCIF_SetTimingSel
 .text.MXC_PCIF_SetThreshold
                0x100040bc        0xc C:/MaximSDK/Libraries/PeriphDrivers/bin/MAX78000/softfp/libPeriphDriver_softfp.a(cameraif_ai85.o)
                0x100040bc                MXC_PCIF_SetThreshold
 .text.MXC_PCIF_EnableInt
                0x100040c8        0xc C:/MaximSDK/Libraries/PeriphDrivers/bin/MAX78000/softfp/libPeriphDriver_softfp.a(cameraif_ai85.o)
                0x100040c8                MXC_PCIF_EnableInt
 .text.MXC_PCIF_DisableInt
                0x100040d4        0xc C:/MaximSDK/Libraries/PeriphDrivers/bin/MAX78000/softfp/libPeriphDriver_softfp.a(cameraif_ai85.o)
                0x100040d4                MXC_PCIF_DisableInt
 .text.MXC_PCIF_Start
                0x100040e0        0xc C:/MaximSDK/Libraries/PeriphDrivers/bin/MAX78000/softfp/libPeriphDriver_softfp.a(cameraif_ai85.o)
                0x100040e0                MXC_PCIF_Start
 .text.MXC_PCIF_RevA_SetDatawidth
                0x100040ec       0x14 C:/MaximSDK/Libraries/PeriphDrivers/bin/MAX78000/softfp/libPeriphDriver_softfp.a(cameraif_reva.o)
                0x100040ec                MXC_PCIF_RevA_SetDatawidth
 .text.MXC_PCIF_RevA_SetTimingSel
                0x10004100       0x14 C:/MaximSDK/Libraries/PeriphDrivers/bin/MAX78000/softfp/libPeriphDriver_softfp.a(cameraif_reva.o)
                0x10004100                MXC_PCIF_RevA_SetTimingSel
 .text.MXC_PCIF_RevA_SetThreshold
                0x10004114       0x18 C:/MaximSDK/Libraries/PeriphDrivers/bin/MAX78000/softfp/libPeriphDriver_softfp.a(cameraif_reva.o)
                0x10004114                MXC_PCIF_RevA_SetThreshold
 .text.MXC_PCIF_RevA_EnableInt
                0x1000412c        0xc C:/MaximSDK/Libraries/PeriphDrivers/bin/MAX78000/softfp/libPeriphDriver_softfp.a(cameraif_reva.o)
                0x1000412c                MXC_PCIF_RevA_EnableInt
 .text.MXC_PCIF_RevA_DisableInt
                0x10004138       0x10 C:/MaximSDK/Libraries/PeriphDrivers/bin/MAX78000/softfp/libPeriphDriver_softfp.a(cameraif_reva.o)
                0x10004138                MXC_PCIF_RevA_DisableInt
 .text.MXC_PCIF_RevA_Start
                0x10004148       0x14 C:/MaximSDK/Libraries/PeriphDrivers/bin/MAX78000/softfp/libPeriphDriver_softfp.a(cameraif_reva.o)
                0x10004148                MXC_PCIF_RevA_Start
 .text.MXC_DMA_Init
                0x1000415c       0x30 C:/MaximSDK/Libraries/PeriphDrivers/bin/MAX78000/softfp/libPeriphDriver_softfp.a(dma_me17.o)
                0x1000415c                MXC_DMA_Init
 .text.MXC_DMA_DeInit
                0x1000418c        0xc C:/MaximSDK/Libraries/PeriphDrivers/bin/MAX78000/softfp/libPeriphDriver_softfp.a(dma_me17.o)
                0x1000418c                MXC_DMA_DeInit
 .text.MXC_DMA_AcquireChannel
                0x10004198        0xc C:/MaximSDK/Libraries/PeriphDrivers/bin/MAX78000/softfp/libPeriphDriver_softfp.a(dma_me17.o)
                0x10004198                MXC_DMA_AcquireChannel
 .text.MXC_DMA_ReleaseChannel
                0x100041a4        0x4 C:/MaximSDK/Libraries/PeriphDrivers/bin/MAX78000/softfp/libPeriphDriver_softfp.a(dma_me17.o)
                0x100041a4                MXC_DMA_ReleaseChannel
 .text.MXC_DMA_SetCallback
                0x100041a8        0x4 C:/MaximSDK/Libraries/PeriphDrivers/bin/MAX78000/softfp/libPeriphDriver_softfp.a(dma_me17.o)
                0x100041a8                MXC_DMA_SetCallback
 .text.MXC_DMA_ChannelClearFlags
                0x100041ac        0x4 C:/MaximSDK/Libraries/PeriphDrivers/bin/MAX78000/softfp/libPeriphDriver_softfp.a(dma_me17.o)
                0x100041ac                MXC_DMA_ChannelClearFlags
 .text.MXC_DMA_Handler
                0x100041b0        0xc C:/MaximSDK/Libraries/PeriphDrivers/bin/MAX78000/softfp/libPeriphDriver_softfp.a(dma_me17.o)
                0x100041b0                MXC_DMA_Handler
 .text.MXC_DMA_RevA_Init
                0x100041bc       0xac C:/MaximSDK/Libraries/PeriphDrivers/bin/MAX78000/softfp/libPeriphDriver_softfp.a(dma_reva.o)
                0x100041bc                MXC_DMA_RevA_Init
 .text.MXC_DMA_RevA_DeInit
                0x10004268       0x3c C:/MaximSDK/Libraries/PeriphDrivers/bin/MAX78000/softfp/libPeriphDriver_softfp.a(dma_reva.o)
                0x10004268                MXC_DMA_RevA_DeInit
 .text.MXC_DMA_RevA_AcquireChannel
                0x100042a4       0x88 C:/MaximSDK/Libraries/PeriphDrivers/bin/MAX78000/softfp/libPeriphDriver_softfp.a(dma_reva.o)
                0x100042a4                MXC_DMA_RevA_AcquireChannel
 .text.MXC_DMA_RevA_ReleaseChannel
                0x1000432c       0x48 C:/MaximSDK/Libraries/PeriphDrivers/bin/MAX78000/softfp/libPeriphDriver_softfp.a(dma_reva.o)
                0x1000432c                MXC_DMA_RevA_ReleaseChannel
 .text.MXC_DMA_RevA_SetCallback
                0x10004374       0x24 C:/MaximSDK/Libraries/PeriphDrivers/bin/MAX78000/softfp/libPeriphDriver_softfp.a(dma_reva.o)
                0x10004374                MXC_DMA_RevA_SetCallback
 .text.MXC_DMA_RevA_ChannelClearFlags
                0x10004398       0x2c C:/MaximSDK/Libraries/PeriphDrivers/bin/MAX78000/softfp/libPeriphDriver_softfp.a(dma_reva.o)
                0x10004398                MXC_DMA_RevA_ChannelClearFlags
 .text.MXC_DMA_RevA_Handler
                0x100043c4       0x84 C:/MaximSDK/Libraries/PeriphDrivers/bin/MAX78000/softfp/libPeriphDriver_softfp.a(dma_reva.o)
                0x100043c4                MXC_DMA_RevA_Handler
 .text.MXC_GPIO_Init
                0x10004448       0x40 C:/MaximSDK/Libraries/PeriphDrivers/bin/MAX78000/softfp/libPeriphDriver_softfp.a(gpio_ai85.o)
                0x10004448                MXC_GPIO_Init
 .text.MXC_GPIO_Config
                0x10004488      0x220 C:/MaximSDK/Libraries/PeriphDrivers/bin/MAX78000/softfp/libPeriphDriver_softfp.a(gpio_ai85.o)
                0x10004488                MXC_GPIO_Config
 .text.MXC_GPIO_InGet
                0x100046a8       0x34 C:/MaximSDK/Libraries/PeriphDrivers/bin/MAX78000/softfp/libPeriphDriver_softfp.a(gpio_ai85.o)
                0x100046a8                MXC_GPIO_InGet
 .text.MXC_GPIO_OutSet
                0x100046dc       0x30 C:/MaximSDK/Libraries/PeriphDrivers/bin/MAX78000/softfp/libPeriphDriver_softfp.a(gpio_ai85.o)
                0x100046dc                MXC_GPIO_OutSet
 .text.MXC_GPIO_OutClr
                0x1000470c       0x34 C:/MaximSDK/Libraries/PeriphDrivers/bin/MAX78000/softfp/libPeriphDriver_softfp.a(gpio_ai85.o)
                0x1000470c                MXC_GPIO_OutClr
 .text.MXC_GPIO_Handler
                0x10004740        0x4 C:/MaximSDK/Libraries/PeriphDrivers/bin/MAX78000/softfp/libPeriphDriver_softfp.a(gpio_ai85.o)
                0x10004740                MXC_GPIO_Handler
 .text.MXC_GPIO_ClearFlags
                0x10004744       0x18 C:/MaximSDK/Libraries/PeriphDrivers/bin/MAX78000/softfp/libPeriphDriver_softfp.a(gpio_ai85.o)
                0x10004744                MXC_GPIO_ClearFlags
 .text.MXC_GPIO_GetFlags
                0x1000475c       0x18 C:/MaximSDK/Libraries/PeriphDrivers/bin/MAX78000/softfp/libPeriphDriver_softfp.a(gpio_ai85.o)
                0x1000475c                MXC_GPIO_GetFlags
 .text.MXC_GPIO_SetVSSEL
                0x10004774       0x24 C:/MaximSDK/Libraries/PeriphDrivers/bin/MAX78000/softfp/libPeriphDriver_softfp.a(gpio_ai85.o)
                0x10004774                MXC_GPIO_SetVSSEL
 .text.MXC_GPIO_RevA_InGet
                0x10004798        0x8 C:/MaximSDK/Libraries/PeriphDrivers/bin/MAX78000/softfp/libPeriphDriver_softfp.a(gpio_reva.o)
                0x10004798                MXC_GPIO_RevA_InGet
 .text.MXC_GPIO_RevA_OutSet
                0x100047a0        0x4 C:/MaximSDK/Libraries/PeriphDrivers/bin/MAX78000/softfp/libPeriphDriver_softfp.a(gpio_reva.o)
                0x100047a0                MXC_GPIO_RevA_OutSet
 .text.MXC_GPIO_RevA_OutClr
                0x100047a4        0x4 C:/MaximSDK/Libraries/PeriphDrivers/bin/MAX78000/softfp/libPeriphDriver_softfp.a(gpio_reva.o)
                0x100047a4                MXC_GPIO_RevA_OutClr
 .text.MXC_GPIO_RevA_ClearFlags
                0x100047a8        0x4 C:/MaximSDK/Libraries/PeriphDrivers/bin/MAX78000/softfp/libPeriphDriver_softfp.a(gpio_reva.o)
                0x100047a8                MXC_GPIO_RevA_ClearFlags
 .text.MXC_GPIO_RevA_GetFlags
                0x100047ac        0x4 C:/MaximSDK/Libraries/PeriphDrivers/bin/MAX78000/softfp/libPeriphDriver_softfp.a(gpio_reva.o)
                0x100047ac                MXC_GPIO_RevA_GetFlags
 .text.MXC_GPIO_RevA_SetVSSEL
                0x100047b0       0x30 C:/MaximSDK/Libraries/PeriphDrivers/bin/MAX78000/softfp/libPeriphDriver_softfp.a(gpio_reva.o)
                0x100047b0                MXC_GPIO_RevA_SetVSSEL
 .text.MXC_GPIO_RevA_SetAF
                0x100047e0       0x6c C:/MaximSDK/Libraries/PeriphDrivers/bin/MAX78000/softfp/libPeriphDriver_softfp.a(gpio_reva.o)
                0x100047e0                MXC_GPIO_RevA_SetAF
 .text.MXC_GPIO_RevA_SetDriveStrength
                0x1000484c       0x74 C:/MaximSDK/Libraries/PeriphDrivers/bin/MAX78000/softfp/libPeriphDriver_softfp.a(gpio_reva.o)
                0x1000484c                MXC_GPIO_RevA_SetDriveStrength
 .text.MXC_I2C_SetSlaveAddr
                0x100048c0        0xc C:/MaximSDK/Libraries/PeriphDrivers/bin/MAX78000/softfp/libPeriphDriver_softfp.a(i2c_me17.o)
                0x100048c0                MXC_I2C_SetSlaveAddr
 .text.MXC_I2C_Shutdown
                0x100048cc       0x6c C:/MaximSDK/Libraries/PeriphDrivers/bin/MAX78000/softfp/libPeriphDriver_softfp.a(i2c_me17.o)
                0x100048cc                MXC_I2C_Shutdown
 .text.MXC_I2C_Init
                0x10004938       0x94 C:/MaximSDK/Libraries/PeriphDrivers/bin/MAX78000/softfp/libPeriphDriver_softfp.a(i2c_me17.o)
                0x10004938                MXC_I2C_Init
 .text.MXC_I2C_SetFrequency
                0x100049cc        0x4 C:/MaximSDK/Libraries/PeriphDrivers/bin/MAX78000/softfp/libPeriphDriver_softfp.a(i2c_me17.o)
                0x100049cc                MXC_I2C_SetFrequency
 .text.MXC_I2C_GetFrequency
                0x100049d0        0x4 C:/MaximSDK/Libraries/PeriphDrivers/bin/MAX78000/softfp/libPeriphDriver_softfp.a(i2c_me17.o)
                0x100049d0                MXC_I2C_GetFrequency
 .text.MXC_I2C_ClearRXFIFO
                0x100049d4        0x4 C:/MaximSDK/Libraries/PeriphDrivers/bin/MAX78000/softfp/libPeriphDriver_softfp.a(i2c_me17.o)
                0x100049d4                MXC_I2C_ClearRXFIFO
 .text.MXC_I2C_ClearTXFIFO
                0x100049d8        0x4 C:/MaximSDK/Libraries/PeriphDrivers/bin/MAX78000/softfp/libPeriphDriver_softfp.a(i2c_me17.o)
                0x100049d8                MXC_I2C_ClearTXFIFO
 .text.MXC_I2C_Recover
                0x100049dc        0x4 C:/MaximSDK/Libraries/PeriphDrivers/bin/MAX78000/softfp/libPeriphDriver_softfp.a(i2c_me17.o)
                0x100049dc                MXC_I2C_Recover
 .text.MXC_I2C_SetRXThreshold
                0x100049e0        0x4 C:/MaximSDK/Libraries/PeriphDrivers/bin/MAX78000/softfp/libPeriphDriver_softfp.a(i2c_me17.o)
                0x100049e0                MXC_I2C_SetRXThreshold
 .text.MXC_I2C_SetTXThreshold
                0x100049e4        0x4 C:/MaximSDK/Libraries/PeriphDrivers/bin/MAX78000/softfp/libPeriphDriver_softfp.a(i2c_me17.o)
                0x100049e4                MXC_I2C_SetTXThreshold
 .text.MXC_I2C_RevA_Init
                0x100049e8      0x104 C:/MaximSDK/Libraries/PeriphDrivers/bin/MAX78000/softfp/libPeriphDriver_softfp.a(i2c_reva.o)
                0x100049e8                MXC_I2C_RevA_Init
 .text.MXC_I2C_RevA_SetSlaveAddr
                0x10004aec       0x3c C:/MaximSDK/Libraries/PeriphDrivers/bin/MAX78000/softfp/libPeriphDriver_softfp.a(i2c_reva.o)
                0x10004aec                MXC_I2C_RevA_SetSlaveAddr
 .text.MXC_I2C_RevA_Shutdown
                0x10004b28       0xac C:/MaximSDK/Libraries/PeriphDrivers/bin/MAX78000/softfp/libPeriphDriver_softfp.a(i2c_reva.o)
                0x10004b28                MXC_I2C_RevA_Shutdown
 .text.MXC_I2C_RevA_SetFrequency
                0x10004bd4       0xc0 C:/MaximSDK/Libraries/PeriphDrivers/bin/MAX78000/softfp/libPeriphDriver_softfp.a(i2c_reva.o)
                0x10004bd4                MXC_I2C_RevA_SetFrequency
 .text.MXC_I2C_RevA_GetFrequency
                0x10004c94       0x38 C:/MaximSDK/Libraries/PeriphDrivers/bin/MAX78000/softfp/libPeriphDriver_softfp.a(i2c_reva.o)
                0x10004c94                MXC_I2C_RevA_GetFrequency
 .text.MXC_I2C_RevA_ClearRXFIFO
                0x10004ccc       0x10 C:/MaximSDK/Libraries/PeriphDrivers/bin/MAX78000/softfp/libPeriphDriver_softfp.a(i2c_reva.o)
                0x10004ccc                MXC_I2C_RevA_ClearRXFIFO
 .text.MXC_I2C_RevA_ClearTXFIFO
                0x10004cdc       0x10 C:/MaximSDK/Libraries/PeriphDrivers/bin/MAX78000/softfp/libPeriphDriver_softfp.a(i2c_reva.o)
                0x10004cdc                MXC_I2C_RevA_ClearTXFIFO
 .text.MXC_I2C_RevA_Recover
                0x10004cec       0xd8 C:/MaximSDK/Libraries/PeriphDrivers/bin/MAX78000/softfp/libPeriphDriver_softfp.a(i2c_reva.o)
                0x10004cec                MXC_I2C_RevA_Recover
 .text.MXC_I2C_RevA_SetRXThreshold
                0x10004dc4       0x20 C:/MaximSDK/Libraries/PeriphDrivers/bin/MAX78000/softfp/libPeriphDriver_softfp.a(i2c_reva.o)
                0x10004dc4                MXC_I2C_RevA_SetRXThreshold
 .text.MXC_I2C_RevA_SetTXThreshold
                0x10004de4       0x24 C:/MaximSDK/Libraries/PeriphDrivers/bin/MAX78000/softfp/libPeriphDriver_softfp.a(i2c_reva.o)
                0x10004de4                MXC_I2C_RevA_SetTXThreshold
 .text.MXC_ICC_Enable
                0x10004e08        0x4 C:/MaximSDK/Libraries/PeriphDrivers/bin/MAX78000/softfp/libPeriphDriver_softfp.a(icc_me17.o)
                0x10004e08                MXC_ICC_Enable
 .text.MXC_ICC_RevA_Enable
                0x10004e0c       0x30 C:/MaximSDK/Libraries/PeriphDrivers/bin/MAX78000/softfp/libPeriphDriver_softfp.a(icc_reva.o)
                0x10004e0c                MXC_ICC_RevA_Enable
 .text.MXC_LP_EnterSleepMode
                0x10004e3c       0x28 C:/MaximSDK/Libraries/PeriphDrivers/bin/MAX78000/softfp/libPeriphDriver_softfp.a(lp_ai85.o)
                0x10004e3c                MXC_LP_EnterSleepMode
 .text.MXC_PT_Init
                0x10004e64      0x128 C:/MaximSDK/Libraries/PeriphDrivers/bin/MAX78000/softfp/libPeriphDriver_softfp.a(pt_ai85.o)
                0x10004e64                MXC_PT_Init
 .text.MXC_PT_Config
                0x10004f8c       0x5c C:/MaximSDK/Libraries/PeriphDrivers/bin/MAX78000/softfp/libPeriphDriver_softfp.a(pt_ai85.o)
                0x10004f8c                MXC_PT_Config
 .text.MXC_PT_SqrWaveConfig
                0x10004fe8       0x20 C:/MaximSDK/Libraries/PeriphDrivers/bin/MAX78000/softfp/libPeriphDriver_softfp.a(pt_ai85.o)
                0x10004fe8                MXC_PT_SqrWaveConfig
 .text.MXC_PT_Start
                0x10005008        0xc C:/MaximSDK/Libraries/PeriphDrivers/bin/MAX78000/softfp/libPeriphDriver_softfp.a(pt_ai85.o)
                0x10005008                MXC_PT_Start
 .text.MXC_PT_IsActive
                0x10005014        0xc C:/MaximSDK/Libraries/PeriphDrivers/bin/MAX78000/softfp/libPeriphDriver_softfp.a(pt_ai85.o)
                0x10005014                MXC_PT_IsActive
 .text.MXC_PT_RevA_Init
                0x10005020       0x10 C:/MaximSDK/Libraries/PeriphDrivers/bin/MAX78000/softfp/libPeriphDriver_softfp.a(pt_reva.o)
                0x10005020                MXC_PT_RevA_Init
 .text.MXC_PT_RevA_Config
                0x10005030       0xc4 C:/MaximSDK/Libraries/PeriphDrivers/bin/MAX78000/softfp/libPeriphDriver_softfp.a(pt_reva.o)
                0x10005030                MXC_PT_RevA_Config
 .text.MXC_PT_RevA_SqrWaveConfig
                0x100050f4       0x18 C:/MaximSDK/Libraries/PeriphDrivers/bin/MAX78000/softfp/libPeriphDriver_softfp.a(pt_reva.o)
                0x100050f4                MXC_PT_RevA_SqrWaveConfig
 .text.MXC_PT_RevA_Start
                0x1000510c       0x10 C:/MaximSDK/Libraries/PeriphDrivers/bin/MAX78000/softfp/libPeriphDriver_softfp.a(pt_reva.o)
                0x1000510c                MXC_PT_RevA_Start
 .text.MXC_PT_RevA_IsActive
                0x1000511c        0xc C:/MaximSDK/Libraries/PeriphDrivers/bin/MAX78000/softfp/libPeriphDriver_softfp.a(pt_reva.o)
                0x1000511c                MXC_PT_RevA_IsActive
 .text.MXC_SPI_Init
                0x10005128      0x1e8 C:/MaximSDK/Libraries/PeriphDrivers/bin/MAX78000/softfp/libPeriphDriver_softfp.a(spi_me17.o)
                0x10005128                MXC_SPI_Init
 .text.MXC_SPI_GetPeripheralClock
                0x10005310       0x70 C:/MaximSDK/Libraries/PeriphDrivers/bin/MAX78000/softfp/libPeriphDriver_softfp.a(spi_me17.o)
                0x10005310                MXC_SPI_GetPeripheralClock
 .text.MXC_SPI_SetFrequency
                0x10005380        0x4 C:/MaximSDK/Libraries/PeriphDrivers/bin/MAX78000/softfp/libPeriphDriver_softfp.a(spi_me17.o)
                0x10005380                MXC_SPI_SetFrequency
 .text.MXC_SPI_SetDataSize
                0x10005384        0x4 C:/MaximSDK/Libraries/PeriphDrivers/bin/MAX78000/softfp/libPeriphDriver_softfp.a(spi_me17.o)
                0x10005384                MXC_SPI_SetDataSize
 .text.MXC_SPI_SetWidth
                0x10005388        0x4 C:/MaximSDK/Libraries/PeriphDrivers/bin/MAX78000/softfp/libPeriphDriver_softfp.a(spi_me17.o)
                0x10005388                MXC_SPI_SetWidth
 .text.MXC_SPI_RevA1_Init
                0x1000538c       0xfc C:/MaximSDK/Libraries/PeriphDrivers/bin/MAX78000/softfp/libPeriphDriver_softfp.a(spi_reva1.o)
                0x1000538c                MXC_SPI_RevA1_Init
 .text.MXC_SPI_RevA1_SetFrequency
                0x10005488       0x94 C:/MaximSDK/Libraries/PeriphDrivers/bin/MAX78000/softfp/libPeriphDriver_softfp.a(spi_reva1.o)
                0x10005488                MXC_SPI_RevA1_SetFrequency
 .text.MXC_SPI_RevA1_SetDataSize
                0x1000551c       0x80 C:/MaximSDK/Libraries/PeriphDrivers/bin/MAX78000/softfp/libPeriphDriver_softfp.a(spi_reva1.o)
                0x1000551c                MXC_SPI_RevA1_SetDataSize
 .text.MXC_SPI_RevA1_SetWidth
                0x1000559c       0x40 C:/MaximSDK/Libraries/PeriphDrivers/bin/MAX78000/softfp/libPeriphDriver_softfp.a(spi_reva1.o)
                0x1000559c                MXC_SPI_RevA1_SetWidth
 .text.MXC_TMR_Init
                0x100055dc      0x314 C:/MaximSDK/Libraries/PeriphDrivers/bin/MAX78000/softfp/libPeriphDriver_softfp.a(tmr_ai85.o)
                0x100055dc                MXC_TMR_Init
 .text.MXC_TMR_Start
                0x100058f0        0x4 C:/MaximSDK/Libraries/PeriphDrivers/bin/MAX78000/softfp/libPeriphDriver_softfp.a(tmr_ai85.o)
                0x100058f0                MXC_TMR_Start
 .text.MXC_TMR_Stop
                0x100058f4        0x4 C:/MaximSDK/Libraries/PeriphDrivers/bin/MAX78000/softfp/libPeriphDriver_softfp.a(tmr_ai85.o)
                0x100058f4                MXC_TMR_Stop
 .text.MXC_TMR_ClearFlags
                0x100058f8        0x4 C:/MaximSDK/Libraries/PeriphDrivers/bin/MAX78000/softfp/libPeriphDriver_softfp.a(tmr_ai85.o)
                0x100058f8                MXC_TMR_ClearFlags
 .text.MXC_TMR_SetCount
                0x100058fc        0x4 C:/MaximSDK/Libraries/PeriphDrivers/bin/MAX78000/softfp/libPeriphDriver_softfp.a(tmr_ai85.o)
                0x100058fc                MXC_TMR_SetCount
 .text.MXC_TMR_TO_Start
                0x10005900        0x4 C:/MaximSDK/Libraries/PeriphDrivers/bin/MAX78000/softfp/libPeriphDriver_softfp.a(tmr_ai85.o)
                0x10005900                MXC_TMR_TO_Start
 .text.MXC_TMR_TO_Stop
                0x10005904        0x4 C:/MaximSDK/Libraries/PeriphDrivers/bin/MAX78000/softfp/libPeriphDriver_softfp.a(tmr_ai85.o)
                0x10005904                MXC_TMR_TO_Stop
 .text.MXC_TMR_TO_Elapsed
                0x10005908        0x4 C:/MaximSDK/Libraries/PeriphDrivers/bin/MAX78000/softfp/libPeriphDriver_softfp.a(tmr_ai85.o)
                0x10005908                MXC_TMR_TO_Elapsed
 .text.MXC_TMR_SW_Start
                0x1000590c        0x4 C:/MaximSDK/Libraries/PeriphDrivers/bin/MAX78000/softfp/libPeriphDriver_softfp.a(tmr_ai85.o)
                0x1000590c                MXC_TMR_SW_Start
 .text.MXC_TMR_SW_Stop
                0x10005910        0x4 C:/MaximSDK/Libraries/PeriphDrivers/bin/MAX78000/softfp/libPeriphDriver_softfp.a(tmr_ai85.o)
                0x10005910                MXC_TMR_SW_Stop
 .text.MXC_TMR_GetTime
                0x10005914        0x4 C:/MaximSDK/Libraries/PeriphDrivers/bin/MAX78000/softfp/libPeriphDriver_softfp.a(tmr_ai85.o)
                0x10005914                MXC_TMR_GetTime
 .text.MXC_TMR_RevB_SetClockSourceFreq
                0x10005918       0x7c C:/MaximSDK/Libraries/PeriphDrivers/bin/MAX78000/softfp/libPeriphDriver_softfp.a(tmr_revb.o)
                0x10005918                MXC_TMR_RevB_SetClockSourceFreq
 .text.MXC_TMR_RevB_GetClockSourceFreq
                0x10005994       0x80 C:/MaximSDK/Libraries/PeriphDrivers/bin/MAX78000/softfp/libPeriphDriver_softfp.a(tmr_revb.o)
                0x10005994                MXC_TMR_RevB_GetClockSourceFreq
 .text.MXC_TMR_RevB_ConfigGeneric
                0x10005a14       0xe8 C:/MaximSDK/Libraries/PeriphDrivers/bin/MAX78000/softfp/libPeriphDriver_softfp.a(tmr_revb.o)
                0x10005a14                MXC_TMR_RevB_ConfigGeneric
 .text.MXC_TMR_RevB_Init
                0x10005afc       0xc8 C:/MaximSDK/Libraries/PeriphDrivers/bin/MAX78000/softfp/libPeriphDriver_softfp.a(tmr_revb.o)
                0x10005afc                MXC_TMR_RevB_Init
 .text.MXC_TMR_RevB_Start
                0x10005bc4       0x5c C:/MaximSDK/Libraries/PeriphDrivers/bin/MAX78000/softfp/libPeriphDriver_softfp.a(tmr_revb.o)
                0x10005bc4                MXC_TMR_RevB_Start
 .text.MXC_TMR_RevB_Stop
                0x10005c20       0x58 C:/MaximSDK/Libraries/PeriphDrivers/bin/MAX78000/softfp/libPeriphDriver_softfp.a(tmr_revb.o)
                0x10005c20                MXC_TMR_RevB_Stop
 .text.MXC_TMR_RevB_ClearFlags
                0x10005c78       0x58 C:/MaximSDK/Libraries/PeriphDrivers/bin/MAX78000/softfp/libPeriphDriver_softfp.a(tmr_revb.o)
                0x10005c78                MXC_TMR_RevB_ClearFlags
 .text.MXC_TMR_RevB_SetCount
                0x10005cd0       0x5c C:/MaximSDK/Libraries/PeriphDrivers/bin/MAX78000/softfp/libPeriphDriver_softfp.a(tmr_revb.o)
                0x10005cd0                MXC_TMR_RevB_SetCount
 .text.MXC_TMR_RevB_TO_Start
                0x10005d2c       0xe4 C:/MaximSDK/Libraries/PeriphDrivers/bin/MAX78000/softfp/libPeriphDriver_softfp.a(tmr_revb.o)
                0x10005d2c                MXC_TMR_RevB_TO_Start
 .text.MXC_TMR_RevB_GetTime
                0x10005e10      0x148 C:/MaximSDK/Libraries/PeriphDrivers/bin/MAX78000/softfp/libPeriphDriver_softfp.a(tmr_revb.o)
                0x10005e10                MXC_TMR_RevB_GetTime
 .text.MXC_UART_Shutdown
                0x10005f58       0x70 C:/MaximSDK/Libraries/PeriphDrivers/bin/MAX78000/softfp/libPeriphDriver_softfp.a(uart_ai85.o)
                0x10005f58                MXC_UART_Shutdown
 .text.MXC_UART_Init
                0x10005fc8       0xb8 C:/MaximSDK/Libraries/PeriphDrivers/bin/MAX78000/softfp/libPeriphDriver_softfp.a(uart_ai85.o)
                0x10005fc8                MXC_UART_Init
 .text.MXC_UART_SetFrequency
                0x10006080       0xcc C:/MaximSDK/Libraries/PeriphDrivers/bin/MAX78000/softfp/libPeriphDriver_softfp.a(uart_ai85.o)
                0x10006080                MXC_UART_SetFrequency
 .text.MXC_UART_GetFrequency
                0x1000614c       0x54 C:/MaximSDK/Libraries/PeriphDrivers/bin/MAX78000/softfp/libPeriphDriver_softfp.a(uart_ai85.o)
                0x1000614c                MXC_UART_GetFrequency
 .text.MXC_UART_SetDataSize
                0x100061a0        0x4 C:/MaximSDK/Libraries/PeriphDrivers/bin/MAX78000/softfp/libPeriphDriver_softfp.a(uart_ai85.o)
                0x100061a0                MXC_UART_SetDataSize
 .text.MXC_UART_SetStopBits
                0x100061a4        0x4 C:/MaximSDK/Libraries/PeriphDrivers/bin/MAX78000/softfp/libPeriphDriver_softfp.a(uart_ai85.o)
                0x100061a4                MXC_UART_SetStopBits
 .text.MXC_UART_SetParity
                0x100061a8        0x4 C:/MaximSDK/Libraries/PeriphDrivers/bin/MAX78000/softfp/libPeriphDriver_softfp.a(uart_ai85.o)
                0x100061a8                MXC_UART_SetParity
 .text.MXC_UART_ReadCharacterRaw
                0x100061ac        0x4 C:/MaximSDK/Libraries/PeriphDrivers/bin/MAX78000/softfp/libPeriphDriver_softfp.a(uart_ai85.o)
                0x100061ac                MXC_UART_ReadCharacterRaw
 .text.MXC_UART_WriteCharacterRaw
                0x100061b0        0x4 C:/MaximSDK/Libraries/PeriphDrivers/bin/MAX78000/softfp/libPeriphDriver_softfp.a(uart_ai85.o)
                0x100061b0                MXC_UART_WriteCharacterRaw
 .text.MXC_UART_ReadCharacter
                0x100061b4        0x4 C:/MaximSDK/Libraries/PeriphDrivers/bin/MAX78000/softfp/libPeriphDriver_softfp.a(uart_ai85.o)
                0x100061b4                MXC_UART_ReadCharacter
 .text.MXC_UART_WriteCharacter
                0x100061b8        0x4 C:/MaximSDK/Libraries/PeriphDrivers/bin/MAX78000/softfp/libPeriphDriver_softfp.a(uart_ai85.o)
                0x100061b8                MXC_UART_WriteCharacter
 .text.MXC_UART_ReadRXFIFO
                0x100061bc        0x4 C:/MaximSDK/Libraries/PeriphDrivers/bin/MAX78000/softfp/libPeriphDriver_softfp.a(uart_ai85.o)
                0x100061bc                MXC_UART_ReadRXFIFO
 .text.MXC_UART_GetRXFIFOAvailable
                0x100061c0        0x4 C:/MaximSDK/Libraries/PeriphDrivers/bin/MAX78000/softfp/libPeriphDriver_softfp.a(uart_ai85.o)
                0x100061c0                MXC_UART_GetRXFIFOAvailable
 .text.MXC_UART_WriteTXFIFO
                0x100061c4        0x4 C:/MaximSDK/Libraries/PeriphDrivers/bin/MAX78000/softfp/libPeriphDriver_softfp.a(uart_ai85.o)
                0x100061c4                MXC_UART_WriteTXFIFO
 .text.MXC_UART_GetTXFIFOAvailable
                0x100061c8        0x4 C:/MaximSDK/Libraries/PeriphDrivers/bin/MAX78000/softfp/libPeriphDriver_softfp.a(uart_ai85.o)
                0x100061c8                MXC_UART_GetTXFIFOAvailable
 .text.MXC_UART_SetRXThreshold
                0x100061cc        0x4 C:/MaximSDK/Libraries/PeriphDrivers/bin/MAX78000/softfp/libPeriphDriver_softfp.a(uart_ai85.o)
                0x100061cc                MXC_UART_SetRXThreshold
 .text.MXC_UART_GetFlags
                0x100061d0        0x4 C:/MaximSDK/Libraries/PeriphDrivers/bin/MAX78000/softfp/libPeriphDriver_softfp.a(uart_ai85.o)
                0x100061d0                MXC_UART_GetFlags
 .text.MXC_UART_ClearFlags
                0x100061d4        0x4 C:/MaximSDK/Libraries/PeriphDrivers/bin/MAX78000/softfp/libPeriphDriver_softfp.a(uart_ai85.o)
                0x100061d4                MXC_UART_ClearFlags
 .text.MXC_UART_DisableInt
                0x100061d8        0x4 C:/MaximSDK/Libraries/PeriphDrivers/bin/MAX78000/softfp/libPeriphDriver_softfp.a(uart_ai85.o)
                0x100061d8                MXC_UART_DisableInt
 .text.MXC_UART_Transaction
                0x100061dc        0x4 C:/MaximSDK/Libraries/PeriphDrivers/bin/MAX78000/softfp/libPeriphDriver_softfp.a(uart_ai85.o)
                0x100061dc                MXC_UART_Transaction
 .text.MXC_UART_Common_ReadCharacter
                0x100061e0       0x18 C:/MaximSDK/Libraries/PeriphDrivers/bin/MAX78000/softfp/libPeriphDriver_softfp.a(uart_common.o)
                0x100061e0                MXC_UART_Common_ReadCharacter
 .text.MXC_UART_Common_WriteCharacter
                0x100061f8       0x1c C:/MaximSDK/Libraries/PeriphDrivers/bin/MAX78000/softfp/libPeriphDriver_softfp.a(uart_common.o)
                0x100061f8                MXC_UART_Common_WriteCharacter
 .text.MXC_UART_RevB_Init
                0x10006214       0x70 C:/MaximSDK/Libraries/PeriphDrivers/bin/MAX78000/softfp/libPeriphDriver_softfp.a(uart_revb.o)
                0x10006214                MXC_UART_RevB_Init
 .text.MXC_UART_RevB_SetFrequency
                0x10006284       0x9c C:/MaximSDK/Libraries/PeriphDrivers/bin/MAX78000/softfp/libPeriphDriver_softfp.a(uart_revb.o)
                0x10006284                MXC_UART_RevB_SetFrequency
 .text.MXC_UART_RevB_GetFrequency
                0x10006320       0x7c C:/MaximSDK/Libraries/PeriphDrivers/bin/MAX78000/softfp/libPeriphDriver_softfp.a(uart_revb.o)
                0x10006320                MXC_UART_RevB_GetFrequency
 .text.MXC_UART_RevB_SetDataSize
                0x1000639c       0x40 C:/MaximSDK/Libraries/PeriphDrivers/bin/MAX78000/softfp/libPeriphDriver_softfp.a(uart_revb.o)
                0x1000639c                MXC_UART_RevB_SetDataSize
 .text.MXC_UART_RevB_SetStopBits
                0x100063dc       0x4c C:/MaximSDK/Libraries/PeriphDrivers/bin/MAX78000/softfp/libPeriphDriver_softfp.a(uart_revb.o)
                0x100063dc                MXC_UART_RevB_SetStopBits
 .text.MXC_UART_RevB_SetParity
                0x10006428       0xb4 C:/MaximSDK/Libraries/PeriphDrivers/bin/MAX78000/softfp/libPeriphDriver_softfp.a(uart_revb.o)
                0x10006428                MXC_UART_RevB_SetParity
 .text.MXC_UART_RevB_ReadCharacterRaw
                0x100064dc       0x38 C:/MaximSDK/Libraries/PeriphDrivers/bin/MAX78000/softfp/libPeriphDriver_softfp.a(uart_revb.o)
                0x100064dc                MXC_UART_RevB_ReadCharacterRaw
 .text.MXC_UART_RevB_WriteCharacterRaw
                0x10006514       0x3c C:/MaximSDK/Libraries/PeriphDrivers/bin/MAX78000/softfp/libPeriphDriver_softfp.a(uart_revb.o)
                0x10006514                MXC_UART_RevB_WriteCharacterRaw
 .text.MXC_UART_RevB_ReadRXFIFO
                0x10006550       0x2c C:/MaximSDK/Libraries/PeriphDrivers/bin/MAX78000/softfp/libPeriphDriver_softfp.a(uart_revb.o)
                0x10006550                MXC_UART_RevB_ReadRXFIFO
 .text.MXC_UART_RevB_GetRXFIFOAvailable
                0x1000657c        0x8 C:/MaximSDK/Libraries/PeriphDrivers/bin/MAX78000/softfp/libPeriphDriver_softfp.a(uart_revb.o)
                0x1000657c                MXC_UART_RevB_GetRXFIFOAvailable
 .text.MXC_UART_RevB_WriteTXFIFO
                0x10006584       0x2c C:/MaximSDK/Libraries/PeriphDrivers/bin/MAX78000/softfp/libPeriphDriver_softfp.a(uart_revb.o)
                0x10006584                MXC_UART_RevB_WriteTXFIFO
 .text.MXC_UART_RevB_GetTXFIFOAvailable
                0x100065b0        0xc C:/MaximSDK/Libraries/PeriphDrivers/bin/MAX78000/softfp/libPeriphDriver_softfp.a(uart_revb.o)
                0x100065b0                MXC_UART_RevB_GetTXFIFOAvailable
 .text.MXC_UART_RevB_SetRXThreshold
                0x100065bc       0x40 C:/MaximSDK/Libraries/PeriphDrivers/bin/MAX78000/softfp/libPeriphDriver_softfp.a(uart_revb.o)
                0x100065bc                MXC_UART_RevB_SetRXThreshold
 .text.MXC_UART_RevB_GetFlags
                0x100065fc        0x4 C:/MaximSDK/Libraries/PeriphDrivers/bin/MAX78000/softfp/libPeriphDriver_softfp.a(uart_revb.o)
                0x100065fc                MXC_UART_RevB_GetFlags
 .text.MXC_UART_RevB_ClearFlags
                0x10006600       0x30 C:/MaximSDK/Libraries/PeriphDrivers/bin/MAX78000/softfp/libPeriphDriver_softfp.a(uart_revb.o)
                0x10006600                MXC_UART_RevB_ClearFlags
 .text.MXC_UART_RevB_DisableInt
                0x10006630       0x38 C:/MaximSDK/Libraries/PeriphDrivers/bin/MAX78000/softfp/libPeriphDriver_softfp.a(uart_revb.o)
                0x10006630                MXC_UART_RevB_DisableInt
 .text.MXC_UART_RevB_Transaction
                0x10006668      0x148 C:/MaximSDK/Libraries/PeriphDrivers/bin/MAX78000/softfp/libPeriphDriver_softfp.a(uart_revb.o)
                0x10006668                MXC_UART_RevB_Transaction
 .text.MXC_GetLock
                0x100067b0       0x1c C:/MaximSDK/Libraries/PeriphDrivers/bin/MAX78000/softfp/libPeriphDriver_softfp.a(mxc_lock.o)
                0x100067b0                MXC_GetLock
 .text.MXC_FreeLock
                0x100067cc        0xc C:/MaximSDK/Libraries/PeriphDrivers/bin/MAX78000/softfp/libPeriphDriver_softfp.a(mxc_lock.o)
                0x100067cc                MXC_FreeLock
 .text.MXC_GPIO_Common_Init
                0x100067d8       0x24 C:/MaximSDK/Libraries/PeriphDrivers/bin/MAX78000/softfp/libPeriphDriver_softfp.a(gpio_common.o)
                0x100067d8                MXC_GPIO_Common_Init
 .text.MXC_GPIO_Common_Handler
                0x100067fc       0x88 C:/MaximSDK/Libraries/PeriphDrivers/bin/MAX78000/softfp/libPeriphDriver_softfp.a(gpio_common.o)
                0x100067fc                MXC_GPIO_Common_Handler
 .text.MXC_TMR_Common_TO_Stop
                0x10006884       0x14 C:/MaximSDK/Libraries/PeriphDrivers/bin/MAX78000/softfp/libPeriphDriver_softfp.a(tmr_common.o)
                0x10006884                MXC_TMR_Common_TO_Stop
 .text.MXC_TMR_Common_SW_Start
                0x10006898        0x8 C:/MaximSDK/Libraries/PeriphDrivers/bin/MAX78000/softfp/libPeriphDriver_softfp.a(tmr_common.o)
                0x10006898                MXC_TMR_Common_SW_Start
 .text.MXC_TMR_Common_SW_Stop
                0x100068a0       0x14 C:/MaximSDK/Libraries/PeriphDrivers/bin/MAX78000/softfp/libPeriphDriver_softfp.a(tmr_common.o)
                0x100068a0                MXC_TMR_Common_SW_Stop
 .text.MXC_TMR_Common_TO_Elapsed
                0x100068b4       0x54 C:/MaximSDK/Libraries/PeriphDrivers/bin/MAX78000/softfp/libPeriphDriver_softfp.a(tmr_common.o)
                0x100068b4                MXC_TMR_Common_TO_Elapsed
 .text.__errno  0x10006908        0xc c:/maximsdk/tools/gnutools/10.3/bin/../lib/gcc/arm-none-eabi/10.3.1/../../../../arm-none-eabi/lib/thumb/v7e-m+fp/softfp\libc.a(lib_a-errno.o)
                0x10006908                __errno
 .text.__libc_init_array
                0x10006914       0x48 c:/maximsdk/tools/gnutools/10.3/bin/../lib/gcc/arm-none-eabi/10.3.1/../../../../arm-none-eabi/lib/thumb/v7e-m+fp/softfp\libc.a(lib_a-init.o)
                0x10006914                __libc_init_array
 .text.malloc   0x1000695c       0x10 c:/maximsdk/tools/gnutools/10.3/bin/../lib/gcc/arm-none-eabi/10.3.1/../../../../arm-none-eabi/lib/thumb/v7e-m+fp/softfp\libc.a(lib_a-malloc.o)
                0x1000695c                malloc
 .text.free     0x1000696c       0x10 c:/maximsdk/tools/gnutools/10.3/bin/../lib/gcc/arm-none-eabi/10.3.1/../../../../arm-none-eabi/lib/thumb/v7e-m+fp/softfp\libc.a(lib_a-malloc.o)
                0x1000696c                free
 .text._malloc_r
                0x1000697c      0x560 c:/maximsdk/tools/gnutools/10.3/bin/../lib/gcc/arm-none-eabi/10.3.1/../../../../arm-none-eabi/lib/thumb/v7e-m+fp/softfp\libc.a(lib_a-mallocr.o)
                0x1000697c                _malloc_r
 .text          0x10006edc      0x134 c:/maximsdk/tools/gnutools/10.3/bin/../lib/gcc/arm-none-eabi/10.3.1/../../../../arm-none-eabi/lib/thumb/v7e-m+fp/softfp\libc.a(lib_a-memcpy.o)
                0x10006edc                memcpy
 .text.memset   0x10007010       0xa4 c:/maximsdk/tools/gnutools/10.3/bin/../lib/gcc/arm-none-eabi/10.3.1/../../../../arm-none-eabi/lib/thumb/v7e-m+fp/softfp\libc.a(lib_a-memset.o)
                0x10007010                memset
 .text.__malloc_lock
                0x100070b4        0xc c:/maximsdk/tools/gnutools/10.3/bin/../lib/gcc/arm-none-eabi/10.3.1/../../../../arm-none-eabi/lib/thumb/v7e-m+fp/softfp\libc.a(lib_a-mlock.o)
                0x100070b4                __malloc_lock
 .text.__malloc_unlock
                0x100070c0        0xc c:/maximsdk/tools/gnutools/10.3/bin/../lib/gcc/arm-none-eabi/10.3.1/../../../../arm-none-eabi/lib/thumb/v7e-m+fp/softfp\libc.a(lib_a-mlock.o)
                0x100070c0                __malloc_unlock
 .text.printf   0x100070cc       0x28 c:/maximsdk/tools/gnutools/10.3/bin/../lib/gcc/arm-none-eabi/10.3.1/../../../../arm-none-eabi/lib/thumb/v7e-m+fp/softfp\libc.a(lib_a-printf.o)
                0x100070cc                printf
 .text._puts_r  0x100070f4       0x9c c:/maximsdk/tools/gnutools/10.3/bin/../lib/gcc/arm-none-eabi/10.3.1/../../../../arm-none-eabi/lib/thumb/v7e-m+fp/softfp\libc.a(lib_a-puts.o)
                0x100070f4                _puts_r
 .text.puts     0x10007190       0x10 c:/maximsdk/tools/gnutools/10.3/bin/../lib/gcc/arm-none-eabi/10.3.1/../../../../arm-none-eabi/lib/thumb/v7e-m+fp/softfp\libc.a(lib_a-puts.o)
                0x10007190                puts
 .text._sbrk_r  0x100071a0       0x24 c:/maximsdk/tools/gnutools/10.3/bin/../lib/gcc/arm-none-eabi/10.3.1/../../../../arm-none-eabi/lib/thumb/v7e-m+fp/softfp\libc.a(lib_a-sbrkr.o)
                0x100071a0                _sbrk_r
 .text.snprintf
                0x100071c4       0x88 c:/maximsdk/tools/gnutools/10.3/bin/../lib/gcc/arm-none-eabi/10.3.1/../../../../arm-none-eabi/lib/thumb/v7e-m+fp/softfp\libc.a(lib_a-snprintf.o)
                0x100071c4                snprintf
 *fill*         0x1000724c       0x34 
 .text          0x10007280       0xdc c:/maximsdk/tools/gnutools/10.3/bin/../lib/gcc/arm-none-eabi/10.3.1/../../../../arm-none-eabi/lib/thumb/v7e-m+fp/softfp\libc.a(lib_a-strlen.o)
                0x10007280                strlen
 *fill*         0x1000735c        0x4 
 .text._svfprintf_r
                0x10007360     0x1ac8 c:/maximsdk/tools/gnutools/10.3/bin/../lib/gcc/arm-none-eabi/10.3.1/../../../../arm-none-eabi/lib/thumb/v7e-m+fp/softfp\libc.a(lib_a-svfprintf.o)
                0x10007360                _svfprintf_r
 .text._vfprintf_r
                0x10008e28     0x1b8c c:/maximsdk/tools/gnutools/10.3/bin/../lib/gcc/arm-none-eabi/10.3.1/../../../../arm-none-eabi/lib/thumb/v7e-m+fp/softfp\libc.a(lib_a-vfprintf.o)
                0x10008e28                _vfprintf_r
 .text.__sbprintf
                0x1000a9b4       0x80 c:/maximsdk/tools/gnutools/10.3/bin/../lib/gcc/arm-none-eabi/10.3.1/../../../../arm-none-eabi/lib/thumb/v7e-m+fp/softfp\libc.a(lib_a-vfprintf.o)
 .text.__swsetup_r
                0x1000aa34       0xd4 c:/maximsdk/tools/gnutools/10.3/bin/../lib/gcc/arm-none-eabi/10.3.1/../../../../arm-none-eabi/lib/thumb/v7e-m+fp/softfp\libc.a(lib_a-wsetup.o)
                0x1000aa34                __swsetup_r
 .text.startup.register_fini
                0x1000ab08       0x14 c:/maximsdk/tools/gnutools/10.3/bin/../lib/gcc/arm-none-eabi/10.3.1/../../../../arm-none-eabi/lib/thumb/v7e-m+fp/softfp\libc.a(lib_a-__call_atexit.o)
 .text.atexit   0x1000ab1c        0xc c:/maximsdk/tools/gnutools/10.3/bin/../lib/gcc/arm-none-eabi/10.3.1/../../../../arm-none-eabi/lib/thumb/v7e-m+fp/softfp\libc.a(lib_a-atexit.o)
                0x1000ab1c                atexit
 .text.quorem   0x1000ab28      0x128 c:/maximsdk/tools/gnutools/10.3/bin/../lib/gcc/arm-none-eabi/10.3.1/../../../../arm-none-eabi/lib/thumb/v7e-m+fp/softfp\libc.a(lib_a-dtoa.o)
 .text._dtoa_r  0x1000ac50      0xf34 c:/maximsdk/tools/gnutools/10.3/bin/../lib/gcc/arm-none-eabi/10.3.1/../../../../arm-none-eabi/lib/thumb/v7e-m+fp/softfp\libc.a(lib_a-dtoa.o)
                0x1000ac50                _dtoa_r
 .text.__sflush_r
                0x1000bb84      0x130 c:/maximsdk/tools/gnutools/10.3/bin/../lib/gcc/arm-none-eabi/10.3.1/../../../../arm-none-eabi/lib/thumb/v7e-m+fp/softfp\libc.a(lib_a-fflush.o)
                0x1000bb84                __sflush_r
 .text._fflush_r
                0x1000bcb4       0x5c c:/maximsdk/tools/gnutools/10.3/bin/../lib/gcc/arm-none-eabi/10.3.1/../../../../arm-none-eabi/lib/thumb/v7e-m+fp/softfp\libc.a(lib_a-fflush.o)
                0x1000bcb4                _fflush_r
 .text._cleanup_r
                0x1000bd10        0xc c:/maximsdk/tools/gnutools/10.3/bin/../lib/gcc/arm-none-eabi/10.3.1/../../../../arm-none-eabi/lib/thumb/v7e-m+fp/softfp\libc.a(lib_a-findfp.o)
                0x1000bd10                _cleanup_r
 .text.__sinit  0x1000bd1c      0x10c c:/maximsdk/tools/gnutools/10.3/bin/../lib/gcc/arm-none-eabi/10.3.1/../../../../arm-none-eabi/lib/thumb/v7e-m+fp/softfp\libc.a(lib_a-findfp.o)
                0x1000bd1c                __sinit
 .text.__sfp_lock_acquire
                0x1000be28        0xc c:/maximsdk/tools/gnutools/10.3/bin/../lib/gcc/arm-none-eabi/10.3.1/../../../../arm-none-eabi/lib/thumb/v7e-m+fp/softfp\libc.a(lib_a-findfp.o)
                0x1000be28                __sfp_lock_acquire
 .text.__sfp_lock_release
                0x1000be34        0xc c:/maximsdk/tools/gnutools/10.3/bin/../lib/gcc/arm-none-eabi/10.3.1/../../../../arm-none-eabi/lib/thumb/v7e-m+fp/softfp\libc.a(lib_a-findfp.o)
                0x1000be34                __sfp_lock_release
 .text.__libc_fini_array
                0x1000be40       0x2c c:/maximsdk/tools/gnutools/10.3/bin/../lib/gcc/arm-none-eabi/10.3.1/../../../../arm-none-eabi/lib/thumb/v7e-m+fp/softfp\libc.a(lib_a-fini.o)
                0x1000be40                __libc_fini_array
 .text._malloc_trim_r
                0x1000be6c       0xa0 c:/maximsdk/tools/gnutools/10.3/bin/../lib/gcc/arm-none-eabi/10.3.1/../../../../arm-none-eabi/lib/thumb/v7e-m+fp/softfp\libc.a(lib_a-freer.o)
                0x1000be6c                _malloc_trim_r
 .text._free_r  0x1000bf0c      0x20c c:/maximsdk/tools/gnutools/10.3/bin/../lib/gcc/arm-none-eabi/10.3.1/../../../../arm-none-eabi/lib/thumb/v7e-m+fp/softfp\libc.a(lib_a-freer.o)
                0x1000bf0c                _free_r
 .text.__sfvwrite_r
                0x1000c118      0x2f0 c:/maximsdk/tools/gnutools/10.3/bin/../lib/gcc/arm-none-eabi/10.3.1/../../../../arm-none-eabi/lib/thumb/v7e-m+fp/softfp\libc.a(lib_a-fvwrite.o)
                0x1000c118                __sfvwrite_r
 .text._fwalk_reent
                0x1000c408       0x48 c:/maximsdk/tools/gnutools/10.3/bin/../lib/gcc/arm-none-eabi/10.3.1/../../../../arm-none-eabi/lib/thumb/v7e-m+fp/softfp\libc.a(lib_a-fwalk.o)
                0x1000c408                _fwalk_reent
 .text._localeconv_r
                0x1000c450        0x8 c:/maximsdk/tools/gnutools/10.3/bin/../lib/gcc/arm-none-eabi/10.3.1/../../../../arm-none-eabi/lib/thumb/v7e-m+fp/softfp\libc.a(lib_a-localeconv.o)
                0x1000c450                _localeconv_r
 .text.__retarget_lock_init_recursive
                0x1000c458        0x4 c:/maximsdk/tools/gnutools/10.3/bin/../lib/gcc/arm-none-eabi/10.3.1/../../../../arm-none-eabi/lib/thumb/v7e-m+fp/softfp\libc.a(lib_a-lock.o)
                0x1000c458                __retarget_lock_init_recursive
 .text.__retarget_lock_close_recursive
                0x1000c45c        0x4 c:/maximsdk/tools/gnutools/10.3/bin/../lib/gcc/arm-none-eabi/10.3.1/../../../../arm-none-eabi/lib/thumb/v7e-m+fp/softfp\libc.a(lib_a-lock.o)
                0x1000c45c                __retarget_lock_close_recursive
 .text.__retarget_lock_acquire_recursive
                0x1000c460        0x4 c:/maximsdk/tools/gnutools/10.3/bin/../lib/gcc/arm-none-eabi/10.3.1/../../../../arm-none-eabi/lib/thumb/v7e-m+fp/softfp\libc.a(lib_a-lock.o)
                0x1000c460                __retarget_lock_acquire_recursive
 .text.__retarget_lock_release_recursive
                0x1000c464        0x4 c:/maximsdk/tools/gnutools/10.3/bin/../lib/gcc/arm-none-eabi/10.3.1/../../../../arm-none-eabi/lib/thumb/v7e-m+fp/softfp\libc.a(lib_a-lock.o)
                0x1000c464                __retarget_lock_release_recursive
 .text.__smakebuf_r
                0x1000c468       0xe0 c:/maximsdk/tools/gnutools/10.3/bin/../lib/gcc/arm-none-eabi/10.3.1/../../../../arm-none-eabi/lib/thumb/v7e-m+fp/softfp\libc.a(lib_a-makebuf.o)
                0x1000c468                __smakebuf_r
 *fill*         0x1000c548        0x8 
 .text          0x1000c550       0xa0 c:/maximsdk/tools/gnutools/10.3/bin/../lib/gcc/arm-none-eabi/10.3.1/../../../../arm-none-eabi/lib/thumb/v7e-m+fp/softfp\libc.a(lib_a-memchr.o)
                0x1000c550                memchr
 .text.memmove  0x1000c5f0       0xf8 c:/maximsdk/tools/gnutools/10.3/bin/../lib/gcc/arm-none-eabi/10.3.1/../../../../arm-none-eabi/lib/thumb/v7e-m+fp/softfp\libc.a(lib_a-memmove.o)
                0x1000c5f0                memmove
 .text._Balloc  0x1000c6e8       0x4c c:/maximsdk/tools/gnutools/10.3/bin/../lib/gcc/arm-none-eabi/10.3.1/../../../../arm-none-eabi/lib/thumb/v7e-m+fp/softfp\libc.a(lib_a-mprec.o)
                0x1000c6e8                _Balloc
 .text._Bfree   0x1000c734       0x14 c:/maximsdk/tools/gnutools/10.3/bin/../lib/gcc/arm-none-eabi/10.3.1/../../../../arm-none-eabi/lib/thumb/v7e-m+fp/softfp\libc.a(lib_a-mprec.o)
                0x1000c734                _Bfree
 .text.__multadd
                0x1000c748       0xa8 c:/maximsdk/tools/gnutools/10.3/bin/../lib/gcc/arm-none-eabi/10.3.1/../../../../arm-none-eabi/lib/thumb/v7e-m+fp/softfp\libc.a(lib_a-mprec.o)
                0x1000c748                __multadd
 .text.__hi0bits
                0x1000c7f0       0x40 c:/maximsdk/tools/gnutools/10.3/bin/../lib/gcc/arm-none-eabi/10.3.1/../../../../arm-none-eabi/lib/thumb/v7e-m+fp/softfp\libc.a(lib_a-mprec.o)
                0x1000c7f0                __hi0bits
 .text.__lo0bits
                0x1000c830       0x60 c:/maximsdk/tools/gnutools/10.3/bin/../lib/gcc/arm-none-eabi/10.3.1/../../../../arm-none-eabi/lib/thumb/v7e-m+fp/softfp\libc.a(lib_a-mprec.o)
                0x1000c830                __lo0bits
 .text.__i2b    0x1000c890       0x5c c:/maximsdk/tools/gnutools/10.3/bin/../lib/gcc/arm-none-eabi/10.3.1/../../../../arm-none-eabi/lib/thumb/v7e-m+fp/softfp\libc.a(lib_a-mprec.o)
                0x1000c890                __i2b
 .text.__multiply
                0x1000c8ec      0x15c c:/maximsdk/tools/gnutools/10.3/bin/../lib/gcc/arm-none-eabi/10.3.1/../../../../arm-none-eabi/lib/thumb/v7e-m+fp/softfp\libc.a(lib_a-mprec.o)
                0x1000c8ec                __multiply
 .text.__pow5mult
                0x1000ca48       0xc0 c:/maximsdk/tools/gnutools/10.3/bin/../lib/gcc/arm-none-eabi/10.3.1/../../../../arm-none-eabi/lib/thumb/v7e-m+fp/softfp\libc.a(lib_a-mprec.o)
                0x1000ca48                __pow5mult
 .text.__lshift
                0x1000cb08       0xf0 c:/maximsdk/tools/gnutools/10.3/bin/../lib/gcc/arm-none-eabi/10.3.1/../../../../arm-none-eabi/lib/thumb/v7e-m+fp/softfp\libc.a(lib_a-mprec.o)
                0x1000cb08                __lshift
 .text.__mcmp   0x1000cbf8       0x44 c:/maximsdk/tools/gnutools/10.3/bin/../lib/gcc/arm-none-eabi/10.3.1/../../../../arm-none-eabi/lib/thumb/v7e-m+fp/softfp\libc.a(lib_a-mprec.o)
                0x1000cbf8                __mcmp
 .text.__mdiff  0x1000cc3c      0x14c c:/maximsdk/tools/gnutools/10.3/bin/../lib/gcc/arm-none-eabi/10.3.1/../../../../arm-none-eabi/lib/thumb/v7e-m+fp/softfp\libc.a(lib_a-mprec.o)
                0x1000cc3c                __mdiff
 .text.__d2b    0x1000cd88       0xc4 c:/maximsdk/tools/gnutools/10.3/bin/../lib/gcc/arm-none-eabi/10.3.1/../../../../arm-none-eabi/lib/thumb/v7e-m+fp/softfp\libc.a(lib_a-mprec.o)
                0x1000cd88                __d2b
 .text._realloc_r
                0x1000ce4c      0x3d8 c:/maximsdk/tools/gnutools/10.3/bin/../lib/gcc/arm-none-eabi/10.3.1/../../../../arm-none-eabi/lib/thumb/v7e-m+fp/softfp\libc.a(lib_a-reallocr.o)
                0x1000ce4c                _realloc_r
 .text.frexp    0x1000d224       0x70 c:/maximsdk/tools/gnutools/10.3/bin/../lib/gcc/arm-none-eabi/10.3.1/../../../../arm-none-eabi/lib/thumb/v7e-m+fp/softfp\libc.a(lib_a-s_frexp.o)
                0x1000d224                frexp
 .text.__sread  0x1000d294       0x24 c:/maximsdk/tools/gnutools/10.3/bin/../lib/gcc/arm-none-eabi/10.3.1/../../../../arm-none-eabi/lib/thumb/v7e-m+fp/softfp\libc.a(lib_a-stdio.o)
                0x1000d294                __sread
 .text.__swrite
                0x1000d2b8       0x40 c:/maximsdk/tools/gnutools/10.3/bin/../lib/gcc/arm-none-eabi/10.3.1/../../../../arm-none-eabi/lib/thumb/v7e-m+fp/softfp\libc.a(lib_a-stdio.o)
                0x1000d2b8                __swrite
 .text.__sseek  0x1000d2f8       0x20 c:/maximsdk/tools/gnutools/10.3/bin/../lib/gcc/arm-none-eabi/10.3.1/../../../../arm-none-eabi/lib/thumb/v7e-m+fp/softfp\libc.a(lib_a-stdio.o)
                0x1000d2f8                __sseek
 .text.__sclose
                0x1000d318        0x8 c:/maximsdk/tools/gnutools/10.3/bin/../lib/gcc/arm-none-eabi/10.3.1/../../../../arm-none-eabi/lib/thumb/v7e-m+fp/softfp\libc.a(lib_a-stdio.o)
                0x1000d318                __sclose
 .text.strncpy  0x1000d320       0x64 c:/maximsdk/tools/gnutools/10.3/bin/../lib/gcc/arm-none-eabi/10.3.1/../../../../arm-none-eabi/lib/thumb/v7e-m+fp/softfp\libc.a(lib_a-strncpy.o)
                0x1000d320                strncpy
 .text.__ssprint_r
                0x1000d384       0xf8 c:/maximsdk/tools/gnutools/10.3/bin/../lib/gcc/arm-none-eabi/10.3.1/../../../../arm-none-eabi/lib/thumb/v7e-m+fp/softfp\libc.a(lib_a-svfiprintf.o)
                0x1000d384                __ssprint_r
 .text.__sprint_r.part.0
                0x1000d47c       0x78 c:/maximsdk/tools/gnutools/10.3/bin/../lib/gcc/arm-none-eabi/10.3.1/../../../../arm-none-eabi/lib/thumb/v7e-m+fp/softfp\libc.a(lib_a-vfiprintf.o)
 .text.__sprint_r
                0x1000d4f4       0x18 c:/maximsdk/tools/gnutools/10.3/bin/../lib/gcc/arm-none-eabi/10.3.1/../../../../arm-none-eabi/lib/thumb/v7e-m+fp/softfp\libc.a(lib_a-vfiprintf.o)
                0x1000d4f4                __sprint_r
 .text._vfiprintf_r
                0x1000d50c      0xdfc c:/maximsdk/tools/gnutools/10.3/bin/../lib/gcc/arm-none-eabi/10.3.1/../../../../arm-none-eabi/lib/thumb/v7e-m+fp/softfp\libc.a(lib_a-vfiprintf.o)
                0x1000d50c                _vfiprintf_r
 .text.__sbprintf
                0x1000e308       0x80 c:/maximsdk/tools/gnutools/10.3/bin/../lib/gcc/arm-none-eabi/10.3.1/../../../../arm-none-eabi/lib/thumb/v7e-m+fp/softfp\libc.a(lib_a-vfiprintf.o)
 .text._write_r
                0x1000e388       0x2c c:/maximsdk/tools/gnutools/10.3/bin/../lib/gcc/arm-none-eabi/10.3.1/../../../../arm-none-eabi/lib/thumb/v7e-m+fp/softfp\libc.a(lib_a-writer.o)
                0x1000e388                _write_r
 .text.__register_exitproc
                0x1000e3b4       0x8c c:/maximsdk/tools/gnutools/10.3/bin/../lib/gcc/arm-none-eabi/10.3.1/../../../../arm-none-eabi/lib/thumb/v7e-m+fp/softfp\libc.a(lib_a-__atexit.o)
                0x1000e3b4                __register_exitproc
 .text.__assert_func
                0x1000e440       0x40 c:/maximsdk/tools/gnutools/10.3/bin/../lib/gcc/arm-none-eabi/10.3.1/../../../../arm-none-eabi/lib/thumb/v7e-m+fp/softfp\libc.a(lib_a-assert.o)
                0x1000e440                __assert_func
 .text._calloc_r
                0x1000e480       0x78 c:/maximsdk/tools/gnutools/10.3/bin/../lib/gcc/arm-none-eabi/10.3.1/../../../../arm-none-eabi/lib/thumb/v7e-m+fp/softfp\libc.a(lib_a-callocr.o)
                0x1000e480                _calloc_r
 .text._close_r
                0x1000e4f8       0x24 c:/maximsdk/tools/gnutools/10.3/bin/../lib/gcc/arm-none-eabi/10.3.1/../../../../arm-none-eabi/lib/thumb/v7e-m+fp/softfp\libc.a(lib_a-closer.o)
                0x1000e4f8                _close_r
 .text._fclose_r
                0x1000e51c       0xcc c:/maximsdk/tools/gnutools/10.3/bin/../lib/gcc/arm-none-eabi/10.3.1/../../../../arm-none-eabi/lib/thumb/v7e-m+fp/softfp\libc.a(lib_a-fclose.o)
                0x1000e51c                _fclose_r
 .text.fiprintf
                0x1000e5e8       0x28 c:/maximsdk/tools/gnutools/10.3/bin/../lib/gcc/arm-none-eabi/10.3.1/../../../../arm-none-eabi/lib/thumb/v7e-m+fp/softfp\libc.a(lib_a-fiprintf.o)
                0x1000e5e8                fiprintf
 .text.__fputwc
                0x1000e610       0xa8 c:/maximsdk/tools/gnutools/10.3/bin/../lib/gcc/arm-none-eabi/10.3.1/../../../../arm-none-eabi/lib/thumb/v7e-m+fp/softfp\libc.a(lib_a-fputwc.o)
                0x1000e610                __fputwc
 .text._fputwc_r
                0x1000e6b8       0x68 c:/maximsdk/tools/gnutools/10.3/bin/../lib/gcc/arm-none-eabi/10.3.1/../../../../arm-none-eabi/lib/thumb/v7e-m+fp/softfp\libc.a(lib_a-fputwc.o)
                0x1000e6b8                _fputwc_r
 .text._fstat_r
                0x1000e720       0x2c c:/maximsdk/tools/gnutools/10.3/bin/../lib/gcc/arm-none-eabi/10.3.1/../../../../arm-none-eabi/lib/thumb/v7e-m+fp/softfp\libc.a(lib_a-fstatr.o)
                0x1000e720                _fstat_r
 .text._isatty_r
                0x1000e74c       0x24 c:/maximsdk/tools/gnutools/10.3/bin/../lib/gcc/arm-none-eabi/10.3.1/../../../../arm-none-eabi/lib/thumb/v7e-m+fp/softfp\libc.a(lib_a-isattyr.o)
                0x1000e74c                _isatty_r
 .text.__locale_mb_cur_max
                0x1000e770        0xc c:/maximsdk/tools/gnutools/10.3/bin/../lib/gcc/arm-none-eabi/10.3.1/../../../../arm-none-eabi/lib/thumb/v7e-m+fp/softfp\libc.a(lib_a-locale.o)
                0x1000e770                __locale_mb_cur_max
 .text._lseek_r
                0x1000e77c       0x2c c:/maximsdk/tools/gnutools/10.3/bin/../lib/gcc/arm-none-eabi/10.3.1/../../../../arm-none-eabi/lib/thumb/v7e-m+fp/softfp\libc.a(lib_a-lseekr.o)
                0x1000e77c                _lseek_r
 .text.__ascii_mbtowc
                0x1000e7a8       0x2c c:/maximsdk/tools/gnutools/10.3/bin/../lib/gcc/arm-none-eabi/10.3.1/../../../../arm-none-eabi/lib/thumb/v7e-m+fp/softfp\libc.a(lib_a-mbtowc_r.o)
                0x1000e7a8                __ascii_mbtowc
 .text._read_r  0x1000e7d4       0x2c c:/maximsdk/tools/gnutools/10.3/bin/../lib/gcc/arm-none-eabi/10.3.1/../../../../arm-none-eabi/lib/thumb/v7e-m+fp/softfp\libc.a(lib_a-readr.o)
                0x1000e7d4                _read_r
 .text.__swbuf_r
                0x1000e800       0xb0 c:/maximsdk/tools/gnutools/10.3/bin/../lib/gcc/arm-none-eabi/10.3.1/../../../../arm-none-eabi/lib/thumb/v7e-m+fp/softfp\libc.a(lib_a-wbuf.o)
                0x1000e800                __swbuf_r
 .text._wcrtomb_r
                0x1000e8b0       0x3c c:/maximsdk/tools/gnutools/10.3/bin/../lib/gcc/arm-none-eabi/10.3.1/../../../../arm-none-eabi/lib/thumb/v7e-m+fp/softfp\libc.a(lib_a-wcrtomb.o)
                0x1000e8b0                _wcrtomb_r
 .text.__ascii_wctomb
                0x1000e8ec       0x1c c:/maximsdk/tools/gnutools/10.3/bin/../lib/gcc/arm-none-eabi/10.3.1/../../../../arm-none-eabi/lib/thumb/v7e-m+fp/softfp\libc.a(lib_a-wctomb_r.o)
                0x1000e8ec                __ascii_wctomb
 .text.abort    0x1000e908       0x10 c:/maximsdk/tools/gnutools/10.3/bin/../lib/gcc/arm-none-eabi/10.3.1/../../../../arm-none-eabi/lib/thumb/v7e-m+fp/softfp\libc.a(lib_a-abort.o)
                0x1000e908                abort
 .text.raise    0x1000e918       0x5c c:/maximsdk/tools/gnutools/10.3/bin/../lib/gcc/arm-none-eabi/10.3.1/../../../../arm-none-eabi/lib/thumb/v7e-m+fp/softfp\libc.a(lib_a-signal.o)
                0x1000e918                raise
 .text._kill_r  0x1000e974       0x2c c:/maximsdk/tools/gnutools/10.3/bin/../lib/gcc/arm-none-eabi/10.3.1/../../../../arm-none-eabi/lib/thumb/v7e-m+fp/softfp\libc.a(lib_a-signalr.o)
                0x1000e974                _kill_r
 .text._getpid_r
                0x1000e9a0        0x4 c:/maximsdk/tools/gnutools/10.3/bin/../lib/gcc/arm-none-eabi/10.3.1/../../../../arm-none-eabi/lib/thumb/v7e-m+fp/softfp\libc.a(lib_a-signalr.o)
                0x1000e9a0                _getpid_r
 .text._exit    0x1000e9a4        0x4 c:/maximsdk/tools/gnutools/10.3/bin/../lib/gcc/arm-none-eabi/10.3.1/../../../../arm-none-eabi/lib/thumb/v7e-m+fp/softfp\libnosys.a(_exit.o)
                0x1000e9a4                _exit
 .text          0x1000e9a8      0x378 c:/maximsdk/tools/gnutools/10.3/bin/../lib/gcc/arm-none-eabi/10.3.1/thumb/v7e-m+fp/softfp\libgcc.a(_arm_addsubdf3.o)
                0x1000e9a8                __aeabi_drsub
                0x1000e9b0                __aeabi_dsub
                0x1000e9b0                __subdf3
                0x1000e9b4                __aeabi_dadd
                0x1000e9b4                __adddf3
                0x1000ec2c                __floatunsidf
                0x1000ec2c                __aeabi_ui2d
                0x1000ec4c                __floatsidf
                0x1000ec4c                __aeabi_i2d
                0x1000ec70                __aeabi_f2d
                0x1000ec70                __extendsfdf2
                0x1000ecb4                __floatundidf
                0x1000ecb4                __aeabi_ul2d
                0x1000ecc4                __floatdidf
                0x1000ecc4                __aeabi_l2d
 .text          0x1000ed20      0x424 c:/maximsdk/tools/gnutools/10.3/bin/../lib/gcc/arm-none-eabi/10.3.1/thumb/v7e-m+fp/softfp\libgcc.a(_arm_muldivdf3.o)
                0x1000ed20                __aeabi_dmul
                0x1000ed20                __muldf3
                0x1000ef74                __divdf3
                0x1000ef74                __aeabi_ddiv
 .text          0x1000f144      0x110 c:/maximsdk/tools/gnutools/10.3/bin/../lib/gcc/arm-none-eabi/10.3.1/thumb/v7e-m+fp/softfp\libgcc.a(_arm_cmpdf2.o)
                0x1000f144                __gtdf2
                0x1000f144                __gedf2
                0x1000f14c                __ltdf2
                0x1000f14c                __ledf2
                0x1000f154                __nedf2
                0x1000f154                __eqdf2
                0x1000f154                __cmpdf2
                0x1000f1d0                __aeabi_cdrcmple
                0x1000f1e0                __aeabi_cdcmpeq
                0x1000f1e0                __aeabi_cdcmple
                0x1000f1f0                __aeabi_dcmpeq
                0x1000f204                __aeabi_dcmplt
                0x1000f218                __aeabi_dcmple
                0x1000f22c                __aeabi_dcmpge
                0x1000f240                __aeabi_dcmpgt
 .text          0x1000f254       0x2c c:/maximsdk/tools/gnutools/10.3/bin/../lib/gcc/arm-none-eabi/10.3.1/thumb/v7e-m+fp/softfp\libgcc.a(_arm_unorddf2.o)
                0x1000f254                __unorddf2
                0x1000f254                __aeabi_dcmpun
 .text          0x1000f280       0x50 c:/maximsdk/tools/gnutools/10.3/bin/../lib/gcc/arm-none-eabi/10.3.1/thumb/v7e-m+fp/softfp\libgcc.a(_arm_fixdfsi.o)
                0x1000f280                __aeabi_d2iz
                0x1000f280                __fixdfsi
 .text          0x1000f2d0       0xa0 c:/maximsdk/tools/gnutools/10.3/bin/../lib/gcc/arm-none-eabi/10.3.1/thumb/v7e-m+fp/softfp\libgcc.a(_aeabi_ldivmod.o)
                0x1000f2d0                __aeabi_ldivmod
 .text          0x1000f370       0x30 c:/maximsdk/tools/gnutools/10.3/bin/../lib/gcc/arm-none-eabi/10.3.1/thumb/v7e-m+fp/softfp\libgcc.a(_aeabi_uldivmod.o)
                0x1000f370                __aeabi_uldivmod
 .text          0x1000f3a0      0x2d0 c:/maximsdk/tools/gnutools/10.3/bin/../lib/gcc/arm-none-eabi/10.3.1/thumb/v7e-m+fp/softfp\libgcc.a(_udivmoddi4.o)
                0x1000f3a0                __udivmoddi4
 .text          0x1000f670        0x4 c:/maximsdk/tools/gnutools/10.3/bin/../lib/gcc/arm-none-eabi/10.3.1/thumb/v7e-m+fp/softfp\libgcc.a(_dvmd_tls.o)
                0x1000f670                __aeabi_idiv0
                0x1000f670                __aeabi_ldiv0
 *(.rodata*)
 .rodata.kernels
                0x1000f674     0xe934 c:/Users/Morever/Desktop/cats-dogs/build/cnn.o
 .rodata.capture_process_camera.str1.4
                0x1001dfa8       0x14 c:/Users/Morever/Desktop/cats-dogs/build/combine.o
 .rodata.Camera_DMA_init.str1.4
                0x1001dfbc       0xbd c:/Users/Morever/Desktop/cats-dogs/build/combine.o
 *fill*         0x1001e079        0x3 
 .rodata.main.str1.4
                0x1001e07c       0x76 c:/Users/Morever/Desktop/cats-dogs/build/main.o
 *fill*         0x1001e0f2        0x2 
 .rodata.mxc_assert.str1.4
                0x1001e0f4       0x19 c:/Users/Morever/Desktop/cats-dogs/build/board.o
 *fill*         0x1001e10d        0x3 
 .rodata.Board_Init.str1.4
                0x1001e110       0x45 c:/Users/Morever/Desktop/cats-dogs/build/board.o
 *fill*         0x1001e155        0x3 
 .rodata.led_pin
                0x1001e158       0x24 c:/Users/Morever/Desktop/cats-dogs/build/board.o
                0x1001e158                led_pin
 .rodata.num_leds
                0x1001e17c        0x4 c:/Users/Morever/Desktop/cats-dogs/build/board.o
                0x1001e17c                num_leds
 .rodata.num_pbs
                0x1001e180        0x4 c:/Users/Morever/Desktop/cats-dogs/build/board.o
                0x1001e180                num_pbs
 .rodata.pb_pin
                0x1001e184       0x18 c:/Users/Morever/Desktop/cats-dogs/build/board.o
                0x1001e184                pb_pin
 .rodata.LED_On.str1.4
                0x1001e19c       0x3b c:/Users/Morever/Desktop/cats-dogs/build/led.o
 *fill*         0x1001e1d7        0x1 
 .rodata.PB_IntEnable.str1.4
                0x1001e1d8       0x41 c:/Users/Morever/Desktop/cats-dogs/build/pb.o
 *fill*         0x1001e219        0x3 
 .rodata.camera_setup.str1.4
                0x1001e21c       0x1b c:/Users/Morever/Desktop/cats-dogs/build/camera.o
 *fill*         0x1001e237        0x1 
 .rodata.dump_registers.str1.4
                0x1001e238       0x12 c:/Users/Morever/Desktop/cats-dogs/build/ov7692.o
 *fill*         0x1001e24a        0x2 
 .rodata.default_regs
                0x1001e24c       0x5e c:/Users/Morever/Desktop/cats-dogs/build/ov7692.o
 *fill*         0x1001e2aa        0x2 
 .rodata.gpio_cfg_scl
                0x1001e2ac        0xc c:/Users/Morever/Desktop/cats-dogs/build/sccb.o
 .rodata.gpio_cfg_sda
                0x1001e2b8        0xc c:/Users/Morever/Desktop/cats-dogs/build/sccb.o
 .rodata.gpio_cfg_extclk
                0x1001e2c4        0xc C:/MaximSDK/Libraries/PeriphDrivers/bin/MAX78000/softfp/libPeriphDriver_softfp.a(pins_ai85.o)
                0x1001e2c4                gpio_cfg_extclk
 .rodata.gpio_cfg_i2c0
                0x1001e2d0        0xc C:/MaximSDK/Libraries/PeriphDrivers/bin/MAX78000/softfp/libPeriphDriver_softfp.a(pins_ai85.o)
                0x1001e2d0                gpio_cfg_i2c0
 .rodata.gpio_cfg_i2c1
                0x1001e2dc        0xc C:/MaximSDK/Libraries/PeriphDrivers/bin/MAX78000/softfp/libPeriphDriver_softfp.a(pins_ai85.o)
                0x1001e2dc                gpio_cfg_i2c1
 .rodata.gpio_cfg_i2c2
                0x1001e2e8        0xc C:/MaximSDK/Libraries/PeriphDrivers/bin/MAX78000/softfp/libPeriphDriver_softfp.a(pins_ai85.o)
                0x1001e2e8                gpio_cfg_i2c2
 .rodata.gpio_cfg_pcif_P0_BITS_0_7
                0x1001e2f4        0xc C:/MaximSDK/Libraries/PeriphDrivers/bin/MAX78000/softfp/libPeriphDriver_softfp.a(pins_ai85.o)
                0x1001e2f4                gpio_cfg_pcif_P0_BITS_0_7
 .rodata.gpio_cfg_pcif_P0_BITS_8_9
                0x1001e300        0xc C:/MaximSDK/Libraries/PeriphDrivers/bin/MAX78000/softfp/libPeriphDriver_softfp.a(pins_ai85.o)
                0x1001e300                gpio_cfg_pcif_P0_BITS_8_9
 .rodata.gpio_cfg_pcif_P1_BITS_10_11
                0x1001e30c        0xc C:/MaximSDK/Libraries/PeriphDrivers/bin/MAX78000/softfp/libPeriphDriver_softfp.a(pins_ai85.o)
                0x1001e30c                gpio_cfg_pcif_P1_BITS_10_11
 .rodata.gpio_cfg_pcif_hsync
                0x1001e318        0xc C:/MaximSDK/Libraries/PeriphDrivers/bin/MAX78000/softfp/libPeriphDriver_softfp.a(pins_ai85.o)
                0x1001e318                gpio_cfg_pcif_hsync
 .rodata.gpio_cfg_pcif_vsync
                0x1001e324        0xc C:/MaximSDK/Libraries/PeriphDrivers/bin/MAX78000/softfp/libPeriphDriver_softfp.a(pins_ai85.o)
                0x1001e324                gpio_cfg_pcif_vsync
 .rodata.gpio_cfg_pcif_xclk
                0x1001e330        0xc C:/MaximSDK/Libraries/PeriphDrivers/bin/MAX78000/softfp/libPeriphDriver_softfp.a(pins_ai85.o)
                0x1001e330                gpio_cfg_pcif_xclk
 .rodata.gpio_cfg_pt0
                0x1001e33c        0xc C:/MaximSDK/Libraries/PeriphDrivers/bin/MAX78000/softfp/libPeriphDriver_softfp.a(pins_ai85.o)
                0x1001e33c                gpio_cfg_pt0
 .rodata.gpio_cfg_pt1
                0x1001e348        0xc C:/MaximSDK/Libraries/PeriphDrivers/bin/MAX78000/softfp/libPeriphDriver_softfp.a(pins_ai85.o)
                0x1001e348                gpio_cfg_pt1
 .rodata.gpio_cfg_pt2
                0x1001e354        0xc C:/MaximSDK/Libraries/PeriphDrivers/bin/MAX78000/softfp/libPeriphDriver_softfp.a(pins_ai85.o)
                0x1001e354                gpio_cfg_pt2
 .rodata.gpio_cfg_pt3
                0x1001e360        0xc C:/MaximSDK/Libraries/PeriphDrivers/bin/MAX78000/softfp/libPeriphDriver_softfp.a(pins_ai85.o)
                0x1001e360                gpio_cfg_pt3
 .rodata.gpio_cfg_tmr0
                0x1001e36c        0xc C:/MaximSDK/Libraries/PeriphDrivers/bin/MAX78000/softfp/libPeriphDriver_softfp.a(pins_ai85.o)
                0x1001e36c                gpio_cfg_tmr0
 .rodata.gpio_cfg_tmr0b
                0x1001e378        0xc C:/MaximSDK/Libraries/PeriphDrivers/bin/MAX78000/softfp/libPeriphDriver_softfp.a(pins_ai85.o)
                0x1001e378                gpio_cfg_tmr0b
 .rodata.gpio_cfg_tmr1
                0x1001e384        0xc C:/MaximSDK/Libraries/PeriphDrivers/bin/MAX78000/softfp/libPeriphDriver_softfp.a(pins_ai85.o)
                0x1001e384                gpio_cfg_tmr1
 .rodata.gpio_cfg_tmr1b
                0x1001e390        0xc C:/MaximSDK/Libraries/PeriphDrivers/bin/MAX78000/softfp/libPeriphDriver_softfp.a(pins_ai85.o)
                0x1001e390                gpio_cfg_tmr1b
 .rodata.gpio_cfg_tmr2
                0x1001e39c        0xc C:/MaximSDK/Libraries/PeriphDrivers/bin/MAX78000/softfp/libPeriphDriver_softfp.a(pins_ai85.o)
                0x1001e39c                gpio_cfg_tmr2
 .rodata.gpio_cfg_tmr2b
                0x1001e3a8        0xc C:/MaximSDK/Libraries/PeriphDrivers/bin/MAX78000/softfp/libPeriphDriver_softfp.a(pins_ai85.o)
                0x1001e3a8                gpio_cfg_tmr2b
 .rodata.gpio_cfg_tmr3
                0x1001e3b4        0xc C:/MaximSDK/Libraries/PeriphDrivers/bin/MAX78000/softfp/libPeriphDriver_softfp.a(pins_ai85.o)
                0x1001e3b4                gpio_cfg_tmr3
 .rodata.gpio_cfg_tmr3b
                0x1001e3c0        0xc C:/MaximSDK/Libraries/PeriphDrivers/bin/MAX78000/softfp/libPeriphDriver_softfp.a(pins_ai85.o)
                0x1001e3c0                gpio_cfg_tmr3b
 .rodata.gpio_cfg_tmr4
                0x1001e3cc        0xc C:/MaximSDK/Libraries/PeriphDrivers/bin/MAX78000/softfp/libPeriphDriver_softfp.a(pins_ai85.o)
                0x1001e3cc                gpio_cfg_tmr4
 .rodata.gpio_cfg_tmr5
                0x1001e3d8        0xc C:/MaximSDK/Libraries/PeriphDrivers/bin/MAX78000/softfp/libPeriphDriver_softfp.a(pins_ai85.o)
                0x1001e3d8                gpio_cfg_tmr5
 .rodata.gpio_cfg_uart0
                0x1001e3e4        0xc C:/MaximSDK/Libraries/PeriphDrivers/bin/MAX78000/softfp/libPeriphDriver_softfp.a(pins_ai85.o)
                0x1001e3e4                gpio_cfg_uart0
 .rodata.gpio_cfg_uart1
                0x1001e3f0        0xc C:/MaximSDK/Libraries/PeriphDrivers/bin/MAX78000/softfp/libPeriphDriver_softfp.a(pins_ai85.o)
                0x1001e3f0                gpio_cfg_uart1
 .rodata.gpio_cfg_uart2
                0x1001e3fc        0xc C:/MaximSDK/Libraries/PeriphDrivers/bin/MAX78000/softfp/libPeriphDriver_softfp.a(pins_ai85.o)
                0x1001e3fc                gpio_cfg_uart2
 .rodata.gpio_cfg_uart3
                0x1001e408        0xc C:/MaximSDK/Libraries/PeriphDrivers/bin/MAX78000/softfp/libPeriphDriver_softfp.a(pins_ai85.o)
                0x1001e408                gpio_cfg_uart3
 .rodata.MXC_DMA_RevA_Init.str1.4
                0x1001e414       0x51 C:/MaximSDK/Libraries/PeriphDrivers/bin/MAX78000/softfp/libPeriphDriver_softfp.a(dma_reva.o)
 *fill*         0x1001e465        0x3 